# Changelog Generation Log for elvt-switch
# Generated: 2025-08-16T20:51:38.956Z
# GitHub API: https://api.github.com/repos/inform-elevate/elevate-core-ui

## Summary
Total log entries: 31
Included commits: 13
Excluded commits: 0
Uncertain commits: 1

## Detailed Log

INFO: Starting changelog generation for elvt-switch

INFO: Found 14 total commits from GitHub API

DEBUG: Evaluating commit: "docs: Update Component Status..."

INCLUDE: "docs: Update Component Status..." (Component-related)
  → Commit: 24cb112
  → Reason: Component-related
  → Pattern: /component|web.component|custom.element/

DEBUG: Evaluating commit: "chore(build): Update Design Tokens..."

INCLUDE: "chore(build): Update Design Tokens..." (Design/Visual changes)
  → Commit: 4037d3c
  → Reason: Design/Visual changes
  → Pattern: /design|visual|style|theme|color|layout|spacing|border|shadow/

DEBUG: Evaluating commit: "feat: Support Form Reset and Basic Validation (Required)..."

INCLUDE: "feat: Support Form Reset and Basic Validation (Required)..." (New features)
  → Commit: 44dc64e
  → Reason: New features
  → Pattern: /^feat|^feature|add\s+|new\s+|implement|introduc/

DEBUG: Evaluating commit: "feat: Add Multi-Column Direction to Stack Component..."

INCLUDE: "feat: Add Multi-Column Direction to Stack Component..." (New features)
  → Commit: 573e50e
  → Reason: New features
  → Pattern: /^feat|^feature|add\s+|new\s+|implement|introduc/

DEBUG: Evaluating commit: "refactor: Rename ComponentSize to Size ..."

INCLUDE: "refactor: Rename ComponentSize to Size ..." (Component-related)
  → Commit: ab26ae6
  → Reason: Component-related
  → Pattern: /component|web.component|custom.element/

DEBUG: Evaluating commit: "feat: Style Elevate Switch Component..."

INCLUDE: "feat: Style Elevate Switch Component..." (Short component name)
  → Commit: a547458
  → Reason: Short component name
  → Pattern: /\bswitch\b/i

DEBUG: Evaluating commit: "feat: Add Field Component..."

INCLUDE: "feat: Add Field Component..." (New features)
  → Commit: 890b3f0
  → Reason: New features
  → Pattern: /^feat|^feature|add\s+|new\s+|implement|introduc/

DEBUG: Evaluating commit: "feat: Add direction (RTL) support to Switch Component..."

INCLUDE: "feat: Add direction (RTL) support to Switch Component..." (Short component name)
  → Commit: bbc6898
  → Reason: Short component name
  → Pattern: /\bswitch\b/i

DEBUG: Evaluating commit: "feat: Add Elevate Switch and Update Checkbox..."

INCLUDE: "feat: Add Elevate Switch and Update Checkbox..." (Short component name)
  → Commit: dc0fd89
  → Reason: Short component name
  → Pattern: /\bswitch\b/i

DEBUG: Evaluating commit: "feat: Add Autoloader..."

INCLUDE: "feat: Add Autoloader..." (New features)
  → Commit: 8d557b0
  → Reason: New features
  → Pattern: /^feat|^feature|add\s+|new\s+|implement|introduc/

DEBUG: Evaluating commit: "fix: Added hide-label Prop and Fixed Checkbox Usability Issues..."

INCLUDE: "fix: Added hide-label Prop and Fixed Checkbox Usability Issues..." (Bug fixes)
  → Commit: dea7d2d
  → Reason: Bug fixes
  → Pattern: /^fix|^bug|resolve|correct|patch/

DEBUG: Evaluating commit: "refactor: Change the "arrowParens" in Prettier to "always" (#138)..."

UNCERTAIN: "refactor: Change the "arrowParens" in Prettier to "always" (#138)..." (No clear component relevance)
  → Commit: 0921993
  → Reason: No matching patterns

DEBUG: Evaluating commit: "feat(build): Update to Storybook 9..."

INCLUDE: "feat(build): Update to Storybook 9..." (New features)
  → Commit: c983425
  → Reason: New features
  → Pattern: /^feat|^feature|add\s+|new\s+|implement|introduc/

DEBUG: Evaluating commit: "feat: Attach Form Control Internals (#127)..."

INCLUDE: "feat: Attach Form Control Internals (#127)..." (New features)
  → Commit: 95b8bff
  → Reason: New features
  → Pattern: /^feat|^feature|add\s+|new\s+|implement|introduc/

INFO: Filtered from 14 to 13 relevant commits
