# Changelog Generation Log for elvt-table-row
# Generated: 2025-08-18T20:24:25.568Z
# GitHub API: https://api.github.com/repos/inform-elevate/elevate-core-ui

## Summary
Total log entries: 15
Included commits: 0
Excluded commits: 0
Uncertain commits: 6

## Detailed Log

INFO: Starting changelog generation for elvt-table-row

INFO: Found 6 total commits from GitHub API

DEBUG: Evaluating commit: "docs: Update Component Status..."

UNCERTAIN: "docs: Update Component Status..." (No clear component relevance)
  → Commit: 24cb112
  → Reason: No matching patterns

DEBUG: Evaluating commit: "fix: Fix PagedTableDataProvider with Indeterminate Result Length (#196)..."

UNCERTAIN: "fix: Fix PagedTableDataProvider with Indeterminate Result Length (#196)..." (No clear component relevance)
  → Commit: 580a919
  → Reason: No matching patterns

DEBUG: Evaluating commit: "chore: Update Design Tokens..."

UNCERTAIN: "chore: Update Design Tokens..." (No clear component relevance)
  → Commit: 89c6926
  → Reason: No matching patterns

DEBUG: Evaluating commit: "fix: Add Table Component Dependencies..."

UNCERTAIN: "fix: Add Table Component Dependencies..." (No clear component relevance)
  → Commit: d5f001a
  → Reason: No matching patterns

DEBUG: Evaluating commit: "fix: Export Table Types..."

UNCERTAIN: "fix: Export Table Types..." (No clear component relevance)
  → Commit: 8ab9caf
  → Reason: No matching patterns

DEBUG: Evaluating commit: "feat: Add Table Selection..."

UNCERTAIN: "feat: Add Table Selection..." (No clear component relevance)
  → Commit: bb8d2fe
  → Reason: No matching patterns

INFO: Filtered from 6 to 0 relevant commits
