# Changelog Generation Log for elvt-chip
# Generated: 2025-08-18T20:23:33.555Z
# GitHub API: https://api.github.com/repos/inform-elevate/elevate-core-ui

## Summary
Total log entries: 45
Included commits: 5
Excluded commits: 0
Uncertain commits: 16

## Detailed Log

INFO: Starting changelog generation for elvt-chip

INFO: Found 21 total commits from GitHub API

DEBUG: Evaluating commit: "refactor: Rename ComponentSize to Size ..."

UNCERTAIN: "refactor: Rename ComponentSize to Size ..." (No clear component relevance)
  → Commit: ab26ae6
  → Reason: No matching patterns

DEBUG: Evaluating commit: "feat: Console Generic Shape (Box|Pill), Badge is Pill by Default..."

UNCERTAIN: "feat: Console Generic Shape (Box|Pill), Badge is Pill by Default..." (No clear component relevance)
  → Commit: 4a99c1a
  → Reason: No matching patterns

DEBUG: Evaluating commit: "refactor!: Replace Severity with Tone..."

UNCERTAIN: "refactor!: Replace Severity with Tone..." (No clear component relevance)
  → Commit: 0d82a85
  → Reason: No matching patterns

DEBUG: Evaluating commit: "feat: Add Autoloader..."

UNCERTAIN: "feat: Add Autoloader..." (No clear component relevance)
  → Commit: 8d557b0
  → Reason: No matching patterns

DEBUG: Evaluating commit: "feat: Adjust/Revisit Chip Component Styles..."

INCLUDE: "feat: Adjust/Revisit Chip Component Styles..." (Short component name)
  → Commit: ab68982
  → Reason: Short component name
  → Pattern: /\bchip\b/i

DEBUG: Evaluating commit: "refactor: Change the "arrowParens" in Prettier to "always" (#138)..."

UNCERTAIN: "refactor: Change the "arrowParens" in Prettier to "always" (#138)..." (No clear component relevance)
  → Commit: 0921993
  → Reason: No matching patterns

DEBUG: Evaluating commit: "feat(build): Update to Storybook 9..."

UNCERTAIN: "feat(build): Update to Storybook 9..." (No clear component relevance)
  → Commit: c983425
  → Reason: No matching patterns

DEBUG: Evaluating commit: "fix: Update Design Tokens Package and Fix Tokens..."

UNCERTAIN: "fix: Update Design Tokens Package and Fix Tokens..." (No clear component relevance)
  → Commit: 0ea3b49
  → Reason: No matching patterns

DEBUG: Evaluating commit: "fix: Make All Attribute Names "kebab-case"..."

UNCERTAIN: "fix: Make All Attribute Names "kebab-case"..." (No clear component relevance)
  → Commit: 4d0bee0
  → Reason: No matching patterns

DEBUG: Evaluating commit: "feat: Add Elevate Checkbox..."

UNCERTAIN: "feat: Add Elevate Checkbox..." (No clear component relevance)
  → Commit: 87dd564
  → Reason: No matching patterns

DEBUG: Evaluating commit: "refactor: Use Web Component Decorator from CDK..."

INCLUDE: "refactor: Use Web Component Decorator from CDK..." (Component framework change)
  → Commit: 0b7f502
  → Reason: Component framework change
  → Pattern: /web\s+component\s+decorator|component\s+base|lit\s+element.*change/i

DEBUG: Evaluating commit: "docs: Fix Documentation Errors from Component Structure Changes (#113)..."

UNCERTAIN: "docs: Fix Documentation Errors from Component Structure Changes (#113)..." (No clear component relevance)
  → Commit: ae9938b
  → Reason: No matching patterns

DEBUG: Evaluating commit: "feat: Add Elevate Chip..."

INCLUDE: "feat: Add Elevate Chip..." (Short component name)
  → Commit: 86a7027
  → Reason: Short component name
  → Pattern: /\bchip\b/i

DEBUG: Evaluating commit: "docs: Add Components Status Page..."

UNCERTAIN: "docs: Add Components Status Page..." (No clear component relevance)
  → Commit: daf000f
  → Reason: No matching patterns

DEBUG: Evaluating commit: "build: Separate CLI Tools and Storybook Addons into own Repositories/Packages..."

UNCERTAIN: "build: Separate CLI Tools and Storybook Addons into own Repositories/Packages..." (No clear component relevance)
  → Commit: d95c89b
  → Reason: No matching patterns

DEBUG: Evaluating commit: "refac: Add Shape Enum for both chip and badge..."

INCLUDE: "refac: Add Shape Enum for both chip and badge..." (Short component name)
  → Commit: 102fd05
  → Reason: Short component name
  → Pattern: /\bchip\b/i

DEBUG: Evaluating commit: "refactor: Consolidate Severity To Variant Mapping..."

UNCERTAIN: "refactor: Consolidate Severity To Variant Mapping..." (No clear component relevance)
  → Commit: 61b6eed
  → Reason: No matching patterns

DEBUG: Evaluating commit: "refactor: Consolidate and Export Severity Enum..."

UNCERTAIN: "refactor: Consolidate and Export Severity Enum..." (No clear component relevance)
  → Commit: ea1ad10
  → Reason: No matching patterns

DEBUG: Evaluating commit: "refactor: Consolidate and Export Severity Enum..."

UNCERTAIN: "refactor: Consolidate and Export Severity Enum..." (No clear component relevance)
  → Commit: 51b5cb5
  → Reason: No matching patterns

DEBUG: Evaluating commit: "fix: Update Annotation and Extensions for Consistency..."

UNCERTAIN: "fix: Update Annotation and Extensions for Consistency..." (No clear component relevance)
  → Commit: 5e60aef
  → Reason: No matching patterns

DEBUG: Evaluating commit: "feat: Add Chip Wrapper..."

INCLUDE: "feat: Add Chip Wrapper..." (Short component name)
  → Commit: a99a0bf
  → Reason: Short component name
  → Pattern: /\bchip\b/i

INFO: Filtered from 21 to 5 relevant commits
