# Changelog Generation Log for elvt-progress
# Generated: 2025-08-16T20:51:25.565Z
# GitHub API: https://api.github.com/repos/inform-elevate/elevate-core-ui

## Summary
Total log entries: 31
Included commits: 13
Excluded commits: 0
Uncertain commits: 1

## Detailed Log

INFO: Starting changelog generation for elvt-progress

INFO: Found 14 total commits from GitHub API

DEBUG: Evaluating commit: "feat: Adjust Progress Design..."

INCLUDE: "feat: Adjust Progress Design..." (Short component name)
  → Commit: bc93eb0
  → Reason: Short component name
  → Pattern: /\bprogress\b/i

DEBUG: Evaluating commit: "feat: Adjust Button Design, Remove Shoelace Button..."

INCLUDE: "feat: Adjust Button Design, Remove Shoelace Button..." (Design/Visual changes)
  → Commit: 67a0e62
  → Reason: Design/Visual changes
  → Pattern: /design|visual|style|theme|color|layout|spacing|border|shadow/

DEBUG: Evaluating commit: "refactor: Rename ComponentSize to Size ..."

INCLUDE: "refactor: Rename ComponentSize to Size ..." (Component-related)
  → Commit: ab26ae6
  → Reason: Component-related
  → Pattern: /component|web.component|custom.element/

DEBUG: Evaluating commit: "feat: Add Progress Arc Shape and Dynamic Size..."

INCLUDE: "feat: Add Progress Arc Shape and Dynamic Size..." (Short component name)
  → Commit: e8fd149
  → Reason: Short component name
  → Pattern: /\bprogress\b/i

DEBUG: Evaluating commit: "feat: Add Autoloader..."

INCLUDE: "feat: Add Autoloader..." (New features)
  → Commit: 8d557b0
  → Reason: New features
  → Pattern: /^feat|^feature|add\s+|new\s+|implement|introduc/

DEBUG: Evaluating commit: "refactor: Change the "arrowParens" in Prettier to "always" (#138)..."

UNCERTAIN: "refactor: Change the "arrowParens" in Prettier to "always" (#138)..." (No clear component relevance)
  → Commit: 0921993
  → Reason: No matching patterns

DEBUG: Evaluating commit: "feat(build): Update to Storybook 9..."

INCLUDE: "feat(build): Update to Storybook 9..." (New features)
  → Commit: c983425
  → Reason: New features
  → Pattern: /^feat|^feature|add\s+|new\s+|implement|introduc/

DEBUG: Evaluating commit: "refactor: Use Web Component Decorator from CDK..."

INCLUDE: "refactor: Use Web Component Decorator from CDK..." (Component-related)
  → Commit: 0b7f502
  → Reason: Component-related
  → Pattern: /component|web.component|custom.element/

DEBUG: Evaluating commit: "refactor: Flatten Components File Structure..."

INCLUDE: "refactor: Flatten Components File Structure..." (Component-related)
  → Commit: 36e7dd6
  → Reason: Component-related
  → Pattern: /component|web.component|custom.element/

DEBUG: Evaluating commit: "feat: Add Indicator Component (Experimental)..."

INCLUDE: "feat: Add Indicator Component (Experimental)..." (New features)
  → Commit: db0bd06
  → Reason: New features
  → Pattern: /^feat|^feature|add\s+|new\s+|implement|introduc/

DEBUG: Evaluating commit: "docs: Add Components Status Page..."

INCLUDE: "docs: Add Components Status Page..." (New features)
  → Commit: daf000f
  → Reason: New features
  → Pattern: /^feat|^feature|add\s+|new\s+|implement|introduc/

DEBUG: Evaluating commit: "feat: Improve React Compatibility (#73)..."

INCLUDE: "feat: Improve React Compatibility (#73)..." (New features)
  → Commit: f0cd5c4
  → Reason: New features
  → Pattern: /^feat|^feature|add\s+|new\s+|implement|introduc/

DEBUG: Evaluating commit: "feat: Show Content in Indeterminate Ring Progress Indicator (#70)..."

INCLUDE: "feat: Show Content in Indeterminate Ring Progress Indicator (#70)..." (Short component name)
  → Commit: d838764
  → Reason: Short component name
  → Pattern: /\bprogress\b/i

DEBUG: Evaluating commit: "feat: Skeleton Component Wrapper (#65)..."

INCLUDE: "feat: Skeleton Component Wrapper (#65)..." (New features)
  → Commit: 1cd3fc7
  → Reason: New features
  → Pattern: /^feat|^feature|add\s+|new\s+|implement|introduc/

INFO: Filtered from 14 to 13 relevant commits
