# Changelog Generation Log for elvt-icon
# Generated: 2025-08-18T20:23:46.224Z
# GitHub API: https://api.github.com/repos/inform-elevate/elevate-core-ui

## Summary
Total log entries: 63
Included commits: 9
Excluded commits: 0
Uncertain commits: 21

## Detailed Log

INFO: Starting changelog generation for elvt-icon

INFO: Found 30 total commits from GitHub API

DEBUG: Evaluating commit: "feat(icon-registry): Icon Resolver Functions can also return promises..."

INCLUDE: "feat(icon-registry): Icon Resolver Functions can also return promises..." (Short component name)
  → Commit: e599681
  → Reason: Short component name
  → Pattern: /\bicon\b/i

DEBUG: Evaluating commit: "test: Replace Image for Avatar/Icon Tests..."

INCLUDE: "test: Replace Image for Avatar/Icon Tests..." (Short component name)
  → Commit: 650f904
  → Reason: Short component name
  → Pattern: /\bicon\b/i

DEBUG: Evaluating commit: "docs: Update Component Status..."

UNCERTAIN: "docs: Update Component Status..." (No clear component relevance)
  → Commit: 24cb112
  → Reason: No matching patterns

DEBUG: Evaluating commit: "docs: Add Missing Application Default Slot (#208)..."

UNCERTAIN: "docs: Add Missing Application Default Slot (#208)..." (No clear component relevance)
  → Commit: d9536f0
  → Reason: No matching patterns

DEBUG: Evaluating commit: "build(feat): Add VRT with Firefox and Webkit..."

UNCERTAIN: "build(feat): Add VRT with Firefox and Webkit..." (No clear component relevance)
  → Commit: 21b8034
  → Reason: No matching patterns

DEBUG: Evaluating commit: "feat: Adjust Button Design, Remove Shoelace Button..."

UNCERTAIN: "feat: Adjust Button Design, Remove Shoelace Button..." (No clear component relevance)
  → Commit: 67a0e62
  → Reason: No matching patterns

DEBUG: Evaluating commit: "fix: Export Table Types..."

UNCERTAIN: "fix: Export Table Types..." (No clear component relevance)
  → Commit: 8ab9caf
  → Reason: No matching patterns

DEBUG: Evaluating commit: "refactor!: Replace Severity with Tone..."

UNCERTAIN: "refactor!: Replace Severity with Tone..." (No clear component relevance)
  → Commit: 0d82a85
  → Reason: No matching patterns

DEBUG: Evaluating commit: "feat: Make Libraries External for NPM Package..."

UNCERTAIN: "feat: Make Libraries External for NPM Package..." (No clear component relevance)
  → Commit: 4a0540c
  → Reason: No matching patterns

DEBUG: Evaluating commit: "feat: Add Autoloader..."

UNCERTAIN: "feat: Add Autoloader..." (No clear component relevance)
  → Commit: 8d557b0
  → Reason: No matching patterns

DEBUG: Evaluating commit: "docs: Separate Framework Docs and Add Demo Links..."

UNCERTAIN: "docs: Separate Framework Docs and Add Demo Links..." (No clear component relevance)
  → Commit: d53cb3a
  → Reason: No matching patterns

DEBUG: Evaluating commit: "refactor: Change the "arrowParens" in Prettier to "always" (#138)..."

UNCERTAIN: "refactor: Change the "arrowParens" in Prettier to "always" (#138)..." (No clear component relevance)
  → Commit: 0921993
  → Reason: No matching patterns

DEBUG: Evaluating commit: "feat: Add Elevate Icon Package..."

INCLUDE: "feat: Add Elevate Icon Package..." (Short component name)
  → Commit: cb7aab2
  → Reason: Short component name
  → Pattern: /\bicon\b/i

DEBUG: Evaluating commit: "feat(build): Update to Storybook 9..."

UNCERTAIN: "feat(build): Update to Storybook 9..." (No clear component relevance)
  → Commit: c983425
  → Reason: No matching patterns

DEBUG: Evaluating commit: "feat: Improve Icon Component, Add Selected, Add Shape, Fix Size..."

INCLUDE: "feat: Improve Icon Component, Add Selected, Add Shape, Fix Size..." (Short component name)
  → Commit: 58898ac
  → Reason: Short component name
  → Pattern: /\bicon\b/i

DEBUG: Evaluating commit: "test: Remove Nucleo Icon Story..."

INCLUDE: "test: Remove Nucleo Icon Story..." (Short component name)
  → Commit: 55512ce
  → Reason: Short component name
  → Pattern: /\bicon\b/i

DEBUG: Evaluating commit: "refactor: Use Web Component Decorator from CDK..."

INCLUDE: "refactor: Use Web Component Decorator from CDK..." (Component framework change)
  → Commit: 0b7f502
  → Reason: Component framework change
  → Pattern: /web\s+component\s+decorator|component\s+base|lit\s+element.*change/i

DEBUG: Evaluating commit: "feat: Add Data-URL support to Icon Component (#119)..."

INCLUDE: "feat: Add Data-URL support to Icon Component (#119)..." (Short component name)
  → Commit: 1fc6042
  → Reason: Short component name
  → Pattern: /\bicon\b/i

DEBUG: Evaluating commit: "refactor: Flatten Components File Structure..."

UNCERTAIN: "refactor: Flatten Components File Structure..." (No clear component relevance)
  → Commit: 36e7dd6
  → Reason: No matching patterns

DEBUG: Evaluating commit: "feat: Add Avatar Component..."

UNCERTAIN: "feat: Add Avatar Component..." (No clear component relevance)
  → Commit: 57814cd
  → Reason: No matching patterns

DEBUG: Evaluating commit: "docs: Cleanup Component Status Badges..."

UNCERTAIN: "docs: Cleanup Component Status Badges..." (No clear component relevance)
  → Commit: dcef6f9
  → Reason: No matching patterns

DEBUG: Evaluating commit: "refactor: Add ESLint with Recommend Configuration, Fix Errors..."

UNCERTAIN: "refactor: Add ESLint with Recommend Configuration, Fix Errors..." (No clear component relevance)
  → Commit: 579ce40
  → Reason: No matching patterns

DEBUG: Evaluating commit: "feat: Add Mask Image Mode To Icon Component..."

INCLUDE: "feat: Add Mask Image Mode To Icon Component..." (Short component name)
  → Commit: 0079cea
  → Reason: Short component name
  → Pattern: /\bicon\b/i

DEBUG: Evaluating commit: "feat: Add Custom Icon Component And Replace Shoelace Icon..."

INCLUDE: "feat: Add Custom Icon Component And Replace Shoelace Icon..." (Short component name)
  → Commit: 29874ca
  → Reason: Short component name
  → Pattern: /\bicon\b/i

DEBUG: Evaluating commit: "fix: Fix Syntax To Match Stricter Build Configuration..."

UNCERTAIN: "fix: Fix Syntax To Match Stricter Build Configuration..." (No clear component relevance)
  → Commit: b23bf33
  → Reason: No matching patterns

DEBUG: Evaluating commit: "build: Add TSC Task to Generate Declaration Files..."

UNCERTAIN: "build: Add TSC Task to Generate Declaration Files..." (No clear component relevance)
  → Commit: e69a97d
  → Reason: No matching patterns

DEBUG: Evaluating commit: "feat: Improve Docs Page Styling, Add Properties and Events..."

UNCERTAIN: "feat: Improve Docs Page Styling, Add Properties and Events..." (No clear component relevance)
  → Commit: bf519b8
  → Reason: No matching patterns

DEBUG: Evaluating commit: "build: Add Prettier and Husky..."

UNCERTAIN: "build: Add Prettier and Husky..." (No clear component relevance)
  → Commit: 3e6f150
  → Reason: No matching patterns

DEBUG: Evaluating commit: "feat: Add Documentation Template..."

UNCERTAIN: "feat: Add Documentation Template..." (No clear component relevance)
  → Commit: af05be8
  → Reason: No matching patterns

DEBUG: Evaluating commit: "feat: Add Bootstrap With Storybook, Tests And Coverage..."

UNCERTAIN: "feat: Add Bootstrap With Storybook, Tests And Coverage..." (No clear component relevance)
  → Commit: c7ed953
  → Reason: No matching patterns

INFO: Filtered from 30 to 9 relevant commits
