# Changelog Generation Log for elvt-expansion-panel-group
# Generated: 2025-08-16T20:50:57.615Z
# GitHub API: https://api.github.com/repos/inform-elevate/elevate-core-ui

## Summary
Total log entries: 15
Included commits: 5
Excluded commits: 0
Uncertain commits: 1

## Detailed Log

INFO: Starting changelog generation for elvt-expansion-panel-group

INFO: Found 6 total commits from GitHub API

DEBUG: Evaluating commit: "feat: Adjust Elevate Expansion Panel Design..."

INCLUDE: "feat: Adjust Elevate Expansion Panel Design..." (Design/Visual changes)
  → Commit: 981f461
  → Reason: Design/Visual changes
  → Pattern: /design|visual|style|theme|color|layout|spacing|border|shadow/

DEBUG: Evaluating commit: "refactor: Change the "arrowParens" in Prettier to "always" (#138)..."

UNCERTAIN: "refactor: Change the "arrowParens" in Prettier to "always" (#138)..." (No clear component relevance)
  → Commit: 0921993
  → Reason: No matching patterns

DEBUG: Evaluating commit: "feat(build): Update to Storybook 9..."

INCLUDE: "feat(build): Update to Storybook 9..." (New features)
  → Commit: c983425
  → Reason: New features
  → Pattern: /^feat|^feature|add\s+|new\s+|implement|introduc/

DEBUG: Evaluating commit: "fix: Make All Attribute Names "kebab-case"..."

INCLUDE: "fix: Make All Attribute Names "kebab-case"..." (Bug fixes)
  → Commit: 4d0bee0
  → Reason: Bug fixes
  → Pattern: /^fix|^bug|resolve|correct|patch/

DEBUG: Evaluating commit: "refactor: Use Web Component Decorator from CDK..."

INCLUDE: "refactor: Use Web Component Decorator from CDK..." (Component-related)
  → Commit: 0b7f502
  → Reason: Component-related
  → Pattern: /component|web.component|custom.element/

DEBUG: Evaluating commit: "refactor: Flatten Components File Structure..."

INCLUDE: "refactor: Flatten Components File Structure..." (Component-related)
  → Commit: 36e7dd6
  → Reason: Component-related
  → Pattern: /component|web.component|custom.element/

INFO: Filtered from 6 to 5 relevant commits
