# Changelog Generation Log for elvt-application
# Generated: 2025-08-16T20:50:35.022Z
# GitHub API: https://api.github.com/repos/inform-elevate/elevate-core-ui

## Summary
Total log entries: 19
Included commits: 7
Excluded commits: 0
Uncertain commits: 1

## Detailed Log

INFO: Starting changelog generation for elvt-application

INFO: Found 8 total commits from GitHub API

DEBUG: Evaluating commit: "docs: Add Missing Application Default Slot (#208)..."

INCLUDE: "docs: Add Missing Application Default Slot (#208)..." (Short component name)
  → Commit: d9536f0
  → Reason: Short component name
  → Pattern: /\bapplication\b/i

DEBUG: Evaluating commit: "refactor: Change the "arrowParens" in Prettier to "always" (#138)..."

UNCERTAIN: "refactor: Change the "arrowParens" in Prettier to "always" (#138)..." (No clear component relevance)
  → Commit: 0921993
  → Reason: No matching patterns

DEBUG: Evaluating commit: "feat(build): Update to Storybook 9..."

INCLUDE: "feat(build): Update to Storybook 9..." (New features)
  → Commit: c983425
  → Reason: New features
  → Pattern: /^feat|^feature|add\s+|new\s+|implement|introduc/

DEBUG: Evaluating commit: "feat: Add Lightbox and Dialogs..."

INCLUDE: "feat: Add Lightbox and Dialogs..." (New features)
  → Commit: 37d6740
  → Reason: New features
  → Pattern: /^feat|^feature|add\s+|new\s+|implement|introduc/

DEBUG: Evaluating commit: "refactor: Use Web Component Decorator from CDK..."

INCLUDE: "refactor: Use Web Component Decorator from CDK..." (Component-related)
  → Commit: 0b7f502
  → Reason: Component-related
  → Pattern: /component|web.component|custom.element/

DEBUG: Evaluating commit: "feat: Use Component/Application Tokens for Default Background/Text..."

INCLUDE: "feat: Use Component/Application Tokens for Default Background/Text..." (Short component name)
  → Commit: 1a09e08
  → Reason: Short component name
  → Pattern: /\bapplication\b/i

DEBUG: Evaluating commit: "docs: Fix Documentation Errors from Component Structure Changes (#113)..."

INCLUDE: "docs: Fix Documentation Errors from Component Structure Changes (#113)..." (Component-related)
  → Commit: ae9938b
  → Reason: Component-related
  → Pattern: /component|web.component|custom.element/

DEBUG: Evaluating commit: "refactor: Flatten Components File Structure..."

INCLUDE: "refactor: Flatten Components File Structure..." (Component-related)
  → Commit: 36e7dd6
  → Reason: Component-related
  → Pattern: /component|web.component|custom.element/

INFO: Filtered from 8 to 7 relevant commits
