# Changelog Generation Log for elvt-divider
# Generated: 2025-08-16T20:50:53.436Z
# GitHub API: https://api.github.com/repos/inform-elevate/elevate-core-ui

## Summary
Total log entries: 31
Included commits: 14
Excluded commits: 0
Uncertain commits: 0

## Detailed Log

INFO: Starting changelog generation for elvt-divider

INFO: Found 14 total commits from GitHub API

DEBUG: Evaluating commit: "chore: Update Elevate Designs Token Package Version and Update Tokens..."

INCLUDE: "chore: Update Elevate Designs Token Package Version and Update Tokens..." (Design/Visual changes)
  → Commit: cd3a237
  → Reason: Design/Visual changes
  → Pattern: /design|visual|style|theme|color|layout|spacing|border|shadow/

DEBUG: Evaluating commit: "Chore/update design tokens 0.13.1..."

INCLUDE: "Chore/update design tokens 0.13.1..." (Design/Visual changes)
  → Commit: 3ea7125
  → Reason: Design/Visual changes
  → Pattern: /design|visual|style|theme|color|layout|spacing|border|shadow/

DEBUG: Evaluating commit: "feat: Add CSS Properties for Divider..."

INCLUDE: "feat: Add CSS Properties for Divider..." (Short component name)
  → Commit: cba49c9
  → Reason: Short component name
  → Pattern: /\bdivider\b/i

DEBUG: Evaluating commit: "feat: Add Slots to Divider Component..."

INCLUDE: "feat: Add Slots to Divider Component..." (Short component name)
  → Commit: 7b5807b
  → Reason: Short component name
  → Pattern: /\bdivider\b/i

DEBUG: Evaluating commit: "docs: Consolidate Divider Content Story..."

INCLUDE: "docs: Consolidate Divider Content Story..." (Short component name)
  → Commit: e619db5
  → Reason: Short component name
  → Pattern: /\bdivider\b/i

DEBUG: Evaluating commit: "feat: Allow Content in Divider..."

INCLUDE: "feat: Allow Content in Divider..." (Short component name)
  → Commit: 74fcd2c
  → Reason: Short component name
  → Pattern: /\bdivider\b/i

DEBUG: Evaluating commit: "refactor: Rename ComponentSize to Size ..."

INCLUDE: "refactor: Rename ComponentSize to Size ..." (Component-related)
  → Commit: ab26ae6
  → Reason: Component-related
  → Pattern: /component|web.component|custom.element/

DEBUG: Evaluating commit: "chore: Update Design Tokens..."

INCLUDE: "chore: Update Design Tokens..." (Design/Visual changes)
  → Commit: 89c6926
  → Reason: Design/Visual changes
  → Pattern: /design|visual|style|theme|color|layout|spacing|border|shadow/

DEBUG: Evaluating commit: "docs: Update Divider Stability..."

INCLUDE: "docs: Update Divider Stability..." (Short component name)
  → Commit: d9f573d
  → Reason: Short component name
  → Pattern: /\bdivider\b/i

DEBUG: Evaluating commit: "fix: Export Table Types..."

INCLUDE: "fix: Export Table Types..." (Bug fixes)
  → Commit: 8ab9caf
  → Reason: Bug fixes
  → Pattern: /^fix|^bug|resolve|correct|patch/

DEBUG: Evaluating commit: "feat(build): Update to Storybook 9..."

INCLUDE: "feat(build): Update to Storybook 9..." (New features)
  → Commit: c983425
  → Reason: New features
  → Pattern: /^feat|^feature|add\s+|new\s+|implement|introduc/

DEBUG: Evaluating commit: "refactor: Use Web Component Decorator from CDK..."

INCLUDE: "refactor: Use Web Component Decorator from CDK..." (Component-related)
  → Commit: 0b7f502
  → Reason: Component-related
  → Pattern: /component|web.component|custom.element/

DEBUG: Evaluating commit: "feat: Refactor Divider, Implement Component Design, Remove Shoelace..."

INCLUDE: "feat: Refactor Divider, Implement Component Design, Remove Shoelace..." (Short component name)
  → Commit: 53c8e82
  → Reason: Short component name
  → Pattern: /\bdivider\b/i

DEBUG: Evaluating commit: "refactor: Flatten Components File Structure..."

INCLUDE: "refactor: Flatten Components File Structure..." (Component-related)
  → Commit: 36e7dd6
  → Reason: Component-related
  → Pattern: /component|web.component|custom.element/

INFO: Filtered from 14 to 14 relevant commits
