# Changelog Generation Log for elvt-textarea
# Generated: 2025-08-18T20:24:35.199Z
# GitHub API: https://api.github.com/repos/inform-elevate/elevate-core-ui

## Summary
Total log entries: 23
Included commits: 1
Excluded commits: 0
Uncertain commits: 9

## Detailed Log

INFO: Starting changelog generation for elvt-textarea

INFO: Found 10 total commits from GitHub API

DEBUG: Evaluating commit: "feat: Add Form Control Validators..."

UNCERTAIN: "feat: Add Form Control Validators..." (No clear component relevance)
  → Commit: 81c9c90
  → Reason: No matching patterns

DEBUG: Evaluating commit: "feat: Display Error Message in Input and Textarea..."

INCLUDE: "feat: Display Error Message in Input and Textarea..." (Short component name)
  → Commit: e480bb5
  → Reason: Short component name
  → Pattern: /\btextarea\b/i

DEBUG: Evaluating commit: "feat: Support Form Reset and Basic Validation (Required)..."

UNCERTAIN: "feat: Support Form Reset and Basic Validation (Required)..." (No clear component relevance)
  → Commit: 44dc64e
  → Reason: No matching patterns

DEBUG: Evaluating commit: "feat: Add Multi-Column Direction to Stack Component..."

UNCERTAIN: "feat: Add Multi-Column Direction to Stack Component..." (No clear component relevance)
  → Commit: 573e50e
  → Reason: No matching patterns

DEBUG: Evaluating commit: "refactor: Rename ComponentSize to Size ..."

UNCERTAIN: "refactor: Rename ComponentSize to Size ..." (No clear component relevance)
  → Commit: ab26ae6
  → Reason: No matching patterns

DEBUG: Evaluating commit: "feat: Add Field Component..."

UNCERTAIN: "feat: Add Field Component..." (No clear component relevance)
  → Commit: 890b3f0
  → Reason: No matching patterns

DEBUG: Evaluating commit: "feat: Add Autoloader..."

UNCERTAIN: "feat: Add Autoloader..." (No clear component relevance)
  → Commit: 8d557b0
  → Reason: No matching patterns

DEBUG: Evaluating commit: "refactor: Change the "arrowParens" in Prettier to "always" (#138)..."

UNCERTAIN: "refactor: Change the "arrowParens" in Prettier to "always" (#138)..." (No clear component relevance)
  → Commit: 0921993
  → Reason: No matching patterns

DEBUG: Evaluating commit: "feat(build): Update to Storybook 9..."

UNCERTAIN: "feat(build): Update to Storybook 9..." (No clear component relevance)
  → Commit: c983425
  → Reason: No matching patterns

DEBUG: Evaluating commit: "feat: Attach Form Control Internals (#127)..."

UNCERTAIN: "feat: Attach Form Control Internals (#127)..." (No clear component relevance)
  → Commit: 95b8bff
  → Reason: No matching patterns

INFO: Filtered from 10 to 1 relevant commits
