# Changelog Generation Log for elvt-tab
# Generated: 2025-08-18T20:24:33.246Z
# GitHub API: https://api.github.com/repos/inform-elevate/elevate-core-ui

## Summary
Total log entries: 17
Included commits: 2
Excluded commits: 0
Uncertain commits: 5

## Detailed Log

INFO: Starting changelog generation for elvt-tab

INFO: Found 7 total commits from GitHub API

DEBUG: Evaluating commit: "chore: Update Design Tokens..."

UNCERTAIN: "chore: Update Design Tokens..." (No clear component relevance)
  → Commit: 08e28c8
  → Reason: No matching patterns

DEBUG: Evaluating commit: "chore: Update Dependencies and Design Tokens..."

UNCERTAIN: "chore: Update Dependencies and Design Tokens..." (No clear component relevance)
  → Commit: 907aee4
  → Reason: No matching patterns

DEBUG: Evaluating commit: "feat: Adjust Tab, TabPanel and TabGroup Design..."

INCLUDE: "feat: Adjust Tab, TabPanel and TabGroup Design..." (Short component name)
  → Commit: 1eba9c8
  → Reason: Short component name
  → Pattern: /\btab\b/i

DEBUG: Evaluating commit: "refactor: Change the "arrowParens" in Prettier to "always" (#138)..."

UNCERTAIN: "refactor: Change the "arrowParens" in Prettier to "always" (#138)..." (No clear component relevance)
  → Commit: 0921993
  → Reason: No matching patterns

DEBUG: Evaluating commit: "feat(build): Update to Storybook 9..."

UNCERTAIN: "feat(build): Update to Storybook 9..." (No clear component relevance)
  → Commit: c983425
  → Reason: No matching patterns

DEBUG: Evaluating commit: "refactor: Use Web Component Decorator from CDK..."

INCLUDE: "refactor: Use Web Component Decorator from CDK..." (Component framework change)
  → Commit: 0b7f502
  → Reason: Component framework change
  → Pattern: /web\s+component\s+decorator|component\s+base|lit\s+element.*change/i

DEBUG: Evaluating commit: "refactor: Flatten Components File Structure..."

UNCERTAIN: "refactor: Flatten Components File Structure..." (No clear component relevance)
  → Commit: 36e7dd6
  → Reason: No matching patterns

INFO: Filtered from 7 to 2 relevant commits
