# Changelog Generation Log for elvt-button
# Generated: 2025-08-18T20:23:27.922Z
# GitHub API: https://api.github.com/repos/inform-elevate/elevate-core-ui

## Summary
Total log entries: 59
Included commits: 9
Excluded commits: 0
Uncertain commits: 19

## Detailed Log

INFO: Starting changelog generation for elvt-button

INFO: Found 28 total commits from GitHub API

DEBUG: Evaluating commit: "feat: Implement DropDown Component..."

UNCERTAIN: "feat: Implement DropDown Component..." (No clear component relevance)
  → Commit: a4e1f06
  → Reason: No matching patterns

DEBUG: Evaluating commit: "fix: Fix Button Group Separator Lines (#250)..."

INCLUDE: "fix: Fix Button Group Separator Lines (#250)..." (Short component name)
  → Commit: 7de00fe
  → Reason: Short component name
  → Pattern: /\bbutton\b/i

DEBUG: Evaluating commit: "fix: Fix Button Group Pill Shape for Small / Medium Size..."

INCLUDE: "fix: Fix Button Group Pill Shape for Small / Medium Size..." (Short component name)
  → Commit: e6e5701
  → Reason: Short component name
  → Pattern: /\bbutton\b/i

DEBUG: Evaluating commit: "docs: Update Component Status..."

UNCERTAIN: "docs: Update Component Status..." (No clear component relevance)
  → Commit: 24cb112
  → Reason: No matching patterns

DEBUG: Evaluating commit: "feat: Adjust Button Design, Remove Shoelace Button..."

INCLUDE: "feat: Adjust Button Design, Remove Shoelace Button..." (Short component name)
  → Commit: 67a0e62
  → Reason: Short component name
  → Pattern: /\bbutton\b/i

DEBUG: Evaluating commit: "feat: Add Multi-Column Direction to Stack Component..."

UNCERTAIN: "feat: Add Multi-Column Direction to Stack Component..." (No clear component relevance)
  → Commit: 573e50e
  → Reason: No matching patterns

DEBUG: Evaluating commit: "refactor: Rename ComponentSize to Size ..."

UNCERTAIN: "refactor: Rename ComponentSize to Size ..." (No clear component relevance)
  → Commit: ab26ae6
  → Reason: No matching patterns

DEBUG: Evaluating commit: "feat: Add Field Component..."

UNCERTAIN: "feat: Add Field Component..." (No clear component relevance)
  → Commit: 890b3f0
  → Reason: No matching patterns

DEBUG: Evaluating commit: "feat: Add Card Border and Layer Properties..."

UNCERTAIN: "feat: Add Card Border and Layer Properties..." (No clear component relevance)
  → Commit: a3ca8b3
  → Reason: No matching patterns

DEBUG: Evaluating commit: "feat: Add "name" and "value" Attributes to Button..."

INCLUDE: "feat: Add "name" and "value" Attributes to Button..." (Short component name)
  → Commit: ee50024
  → Reason: Short component name
  → Pattern: /\bbutton\b/i

DEBUG: Evaluating commit: "refactor!: Replace Severity with Tone..."

UNCERTAIN: "refactor!: Replace Severity with Tone..." (No clear component relevance)
  → Commit: 0d82a85
  → Reason: No matching patterns

DEBUG: Evaluating commit: "feat: Add Autoloader..."

UNCERTAIN: "feat: Add Autoloader..." (No clear component relevance)
  → Commit: 8d557b0
  → Reason: No matching patterns

DEBUG: Evaluating commit: "fix: Added hide-label Prop and Fixed Checkbox Usability Issues..."

UNCERTAIN: "fix: Added hide-label Prop and Fixed Checkbox Usability Issues..." (No clear component relevance)
  → Commit: dea7d2d
  → Reason: No matching patterns

DEBUG: Evaluating commit: "refactor: Change the "arrowParens" in Prettier to "always" (#138)..."

UNCERTAIN: "refactor: Change the "arrowParens" in Prettier to "always" (#138)..." (No clear component relevance)
  → Commit: 0921993
  → Reason: No matching patterns

DEBUG: Evaluating commit: "feat(build): Update to Storybook 9..."

UNCERTAIN: "feat(build): Update to Storybook 9..." (No clear component relevance)
  → Commit: c983425
  → Reason: No matching patterns

DEBUG: Evaluating commit: "feat(refactor): Replace Variant Attributes with Shape..."

UNCERTAIN: "feat(refactor): Replace Variant Attributes with Shape..." (No clear component relevance)
  → Commit: c20d569
  → Reason: No matching patterns

DEBUG: Evaluating commit: "feat: Attach Form Control Internals (#127)..."

UNCERTAIN: "feat: Attach Form Control Internals (#127)..." (No clear component relevance)
  → Commit: 95b8bff
  → Reason: No matching patterns

DEBUG: Evaluating commit: "feat: Improve Icon Component, Add Selected, Add Shape, Fix Size..."

UNCERTAIN: "feat: Improve Icon Component, Add Selected, Add Shape, Fix Size..." (No clear component relevance)
  → Commit: 58898ac
  → Reason: No matching patterns

DEBUG: Evaluating commit: "refactor: Use Web Component Decorator from CDK..."

INCLUDE: "refactor: Use Web Component Decorator from CDK..." (Component framework change)
  → Commit: 0b7f502
  → Reason: Component framework change
  → Pattern: /web\s+component\s+decorator|component\s+base|lit\s+element.*change/i

DEBUG: Evaluating commit: "refactor: Make Selected a Boolean Attribute..."

UNCERTAIN: "refactor: Make Selected a Boolean Attribute..." (No clear component relevance)
  → Commit: 6fdc6cc
  → Reason: No matching patterns

DEBUG: Evaluating commit: "fix: Connect Button and Form Fields to Form Ancestor..."

INCLUDE: "fix: Connect Button and Form Fields to Form Ancestor..." (Short component name)
  → Commit: 741ff85
  → Reason: Short component name
  → Pattern: /\bbutton\b/i

DEBUG: Evaluating commit: "docs: Add Components Status Page..."

UNCERTAIN: "docs: Add Components Status Page..." (No clear component relevance)
  → Commit: daf000f
  → Reason: No matching patterns

DEBUG: Evaluating commit: "feat: Improve React Compatibility (#73)..."

UNCERTAIN: "feat: Improve React Compatibility (#73)..." (No clear component relevance)
  → Commit: f0cd5c4
  → Reason: No matching patterns

DEBUG: Evaluating commit: "feat: Add Link Function to Menu Item (#71)..."

UNCERTAIN: "feat: Add Link Function to Menu Item (#71)..." (No clear component relevance)
  → Commit: d8b3f7e
  → Reason: No matching patterns

DEBUG: Evaluating commit: "docs: Document Severity and Refactor ButtonSeverity..."

INCLUDE: "docs: Document Severity and Refactor ButtonSeverity..." (Component-specific change)
  → Commit: fa7f552
  → Reason: Component-specific change
  → Pattern: /(update|change|fix|improve|enhance|refactor)\s+(button|elvt-button)/i

DEBUG: Evaluating commit: "feat: Add ButtonGroup Component..."

INCLUDE: "feat: Add ButtonGroup Component..." (Component addition)
  → Commit: 4b1166b
  → Reason: Component addition
  → Pattern: /add\s+button/i

DEBUG: Evaluating commit: "feat: Add Icon Button Component..."

INCLUDE: "feat: Add Icon Button Component..." (Short component name)
  → Commit: 9603e54
  → Reason: Short component name
  → Pattern: /\bbutton\b/i

DEBUG: Evaluating commit: "Merge feat/Add-Icon-Component into main..."

UNCERTAIN: "Merge feat/Add-Icon-Component into main..." (No clear component relevance)
  → Commit: 113a65e
  → Reason: No matching patterns

INFO: Filtered from 28 to 9 relevant commits
