# Changelog Generation Log for elvt-breadcrumb
# Generated: 2025-08-18T20:23:23.963Z
# GitHub API: https://api.github.com/repos/inform-elevate/elevate-core-ui

## Summary
Total log entries: 23
Included commits: 2
Excluded commits: 0
Uncertain commits: 8

## Detailed Log

INFO: Starting changelog generation for elvt-breadcrumb

INFO: Found 10 total commits from GitHub API

DEBUG: Evaluating commit: "fix: Change RTL Implementation for TabGroup..."

UNCERTAIN: "fix: Change RTL Implementation for TabGroup..." (No clear component relevance)
  → Commit: c0da45b
  → Reason: No matching patterns

DEBUG: Evaluating commit: "docs: Update Component Status..."

UNCERTAIN: "docs: Update Component Status..." (No clear component relevance)
  → Commit: 24cb112
  → Reason: No matching patterns

DEBUG: Evaluating commit: "feat: Adjust Design for BreadcrumbItem..."

UNCERTAIN: "feat: Adjust Design for BreadcrumbItem..." (No clear component relevance)
  → Commit: 479d71f
  → Reason: No matching patterns

DEBUG: Evaluating commit: "refactor: Change the "arrowParens" in Prettier to "always" (#138)..."

UNCERTAIN: "refactor: Change the "arrowParens" in Prettier to "always" (#138)..." (No clear component relevance)
  → Commit: 0921993
  → Reason: No matching patterns

DEBUG: Evaluating commit: "feat(build): Update to Storybook 9..."

UNCERTAIN: "feat(build): Update to Storybook 9..." (No clear component relevance)
  → Commit: c983425
  → Reason: No matching patterns

DEBUG: Evaluating commit: "refactor: Use Web Component Decorator from CDK..."

INCLUDE: "refactor: Use Web Component Decorator from CDK..." (Component framework change)
  → Commit: 0b7f502
  → Reason: Component framework change
  → Pattern: /web\s+component\s+decorator|component\s+base|lit\s+element.*change/i

DEBUG: Evaluating commit: "refactor: Flatten Components File Structure..."

UNCERTAIN: "refactor: Flatten Components File Structure..." (No clear component relevance)
  → Commit: 36e7dd6
  → Reason: No matching patterns

DEBUG: Evaluating commit: "docs: Add Components Status Page..."

UNCERTAIN: "docs: Add Components Status Page..." (No clear component relevance)
  → Commit: daf000f
  → Reason: No matching patterns

DEBUG: Evaluating commit: "refactor: Consolidate Icons Used Internally..."

UNCERTAIN: "refactor: Consolidate Icons Used Internally..." (No clear component relevance)
  → Commit: 65de8dc
  → Reason: No matching patterns

DEBUG: Evaluating commit: "feat: Add Breadcrumb and Breadcrumb Item Components..."

INCLUDE: "feat: Add Breadcrumb and Breadcrumb Item Components..." (Short component name)
  → Commit: c95371e
  → Reason: Short component name
  → Pattern: /\bbreadcrumb\b/i

INFO: Filtered from 10 to 2 relevant commits
