# Changelog Generation Log for elvt-menu-item
# Generated: 2025-08-16T20:51:14.524Z
# GitHub API: https://api.github.com/repos/inform-elevate/elevate-core-ui

## Summary
Total log entries: 27
Included commits: 10
Excluded commits: 0
Uncertain commits: 2

## Detailed Log

INFO: Starting changelog generation for elvt-menu-item

INFO: Found 12 total commits from GitHub API

DEBUG: Evaluating commit: "feat: Add Card Border and Layer Properties..."

INCLUDE: "feat: Add Card Border and Layer Properties..." (Design/Visual changes)
  → Commit: a3ca8b3
  → Reason: Design/Visual changes
  → Pattern: /design|visual|style|theme|color|layout|spacing|border|shadow/

DEBUG: Evaluating commit: "refactor!: Replace Severity with Tone..."

UNCERTAIN: "refactor!: Replace Severity with Tone..." (No clear component relevance)
  → Commit: 0d82a85
  → Reason: No matching patterns

DEBUG: Evaluating commit: "feat: Add Autoloader..."

INCLUDE: "feat: Add Autoloader..." (New features)
  → Commit: 8d557b0
  → Reason: New features
  → Pattern: /^feat|^feature|add\s+|new\s+|implement|introduc/

DEBUG: Evaluating commit: "feat(build): Update to Storybook 9..."

INCLUDE: "feat(build): Update to Storybook 9..." (New features)
  → Commit: c983425
  → Reason: New features
  → Pattern: /^feat|^feature|add\s+|new\s+|implement|introduc/

DEBUG: Evaluating commit: "refactor: Use Web Component Decorator from CDK..."

INCLUDE: "refactor: Use Web Component Decorator from CDK..." (Component-related)
  → Commit: 0b7f502
  → Reason: Component-related
  → Pattern: /component|web.component|custom.element/

DEBUG: Evaluating commit: "fix: Make Menu Item "href" Attribute Optional, Remove Log..."

INCLUDE: "fix: Make Menu Item "href" Attribute Optional, Remove Log..." (Bug fixes)
  → Commit: 7577b72
  → Reason: Bug fixes
  → Pattern: /^fix|^bug|resolve|correct|patch/

DEBUG: Evaluating commit: "docs: Add Components Status Page..."

INCLUDE: "docs: Add Components Status Page..." (New features)
  → Commit: daf000f
  → Reason: New features
  → Pattern: /^feat|^feature|add\s+|new\s+|implement|introduc/

DEBUG: Evaluating commit: "feat: Add "selected" Menu Item (#89)..."

INCLUDE: "feat: Add "selected" Menu Item (#89)..." (New features)
  → Commit: 823395e
  → Reason: New features
  → Pattern: /^feat|^feature|add\s+|new\s+|implement|introduc/

DEBUG: Evaluating commit: "feat: Improve React Compatibility (#73)..."

INCLUDE: "feat: Improve React Compatibility (#73)..." (New features)
  → Commit: f0cd5c4
  → Reason: New features
  → Pattern: /^feat|^feature|add\s+|new\s+|implement|introduc/

DEBUG: Evaluating commit: "feat: Add Link Function to Menu Item (#71)..."

INCLUDE: "feat: Add Link Function to Menu Item (#71)..." (New features)
  → Commit: d8b3f7e
  → Reason: New features
  → Pattern: /^feat|^feature|add\s+|new\s+|implement|introduc/

DEBUG: Evaluating commit: "refactor: Improve Menu Item..."

UNCERTAIN: "refactor: Improve Menu Item..." (No clear component relevance)
  → Commit: c52fca7
  → Reason: No matching patterns

DEBUG: Evaluating commit: "refactor: Move Menu/Dropdown Components Into a Subdirectory..."

INCLUDE: "refactor: Move Menu/Dropdown Components Into a Subdirectory..." (Component-related)
  → Commit: e74ccc4
  → Reason: Component-related
  → Pattern: /component|web.component|custom.element/

INFO: Filtered from 12 to 10 relevant commits
