# Changelog Generation Log for elvt-badge
# Generated: 2025-08-16T20:50:38.676Z
# GitHub API: https://api.github.com/repos/inform-elevate/elevate-core-ui

## Summary
Total log entries: 47
Included commits: 17
Excluded commits: 0
Uncertain commits: 5

## Detailed Log

INFO: Starting changelog generation for elvt-badge

INFO: Found 22 total commits from GitHub API

DEBUG: Evaluating commit: "chore: Update Design Tokens..."

INCLUDE: "chore: Update Design Tokens..." (Design/Visual changes)
  → Commit: 3692cba
  → Reason: Design/Visual changes
  → Pattern: /design|visual|style|theme|color|layout|spacing|border|shadow/

DEBUG: Evaluating commit: "docs: Update Component Status..."

INCLUDE: "docs: Update Component Status..." (Component-related)
  → Commit: 24cb112
  → Reason: Component-related
  → Pattern: /component|web.component|custom.element/

DEBUG: Evaluating commit: "feat: Style Elevate Switch Component..."

INCLUDE: "feat: Style Elevate Switch Component..." (Design/Visual changes)
  → Commit: a547458
  → Reason: Design/Visual changes
  → Pattern: /design|visual|style|theme|color|layout|spacing|border|shadow/

DEBUG: Evaluating commit: "feat: Consolidate and Improve Link Component..."

INCLUDE: "feat: Consolidate and Improve Link Component..." (New features)
  → Commit: 3e64741
  → Reason: New features
  → Pattern: /^feat|^feature|add\s+|new\s+|implement|introduc/

DEBUG: Evaluating commit: "feat: Add Badge Pulse Animation..."

INCLUDE: "feat: Add Badge Pulse Animation..." (Short component name)
  → Commit: a454f35
  → Reason: Short component name
  → Pattern: /\bbadge\b/i

DEBUG: Evaluating commit: "fix: Export Table Types..."

INCLUDE: "fix: Export Table Types..." (Bug fixes)
  → Commit: 8ab9caf
  → Reason: Bug fixes
  → Pattern: /^fix|^bug|resolve|correct|patch/

DEBUG: Evaluating commit: "feat: Console Generic Shape (Box|Pill), Badge is Pill by Default..."

INCLUDE: "feat: Console Generic Shape (Box|Pill), Badge is Pill by Default..." (Short component name)
  → Commit: 4a99c1a
  → Reason: Short component name
  → Pattern: /\bbadge\b/i

DEBUG: Evaluating commit: "refactor!: Replace Severity with Tone..."

UNCERTAIN: "refactor!: Replace Severity with Tone..." (No clear component relevance)
  → Commit: 0d82a85
  → Reason: No matching patterns

DEBUG: Evaluating commit: "refactor: Change the "arrowParens" in Prettier to "always" (#138)..."

UNCERTAIN: "refactor: Change the "arrowParens" in Prettier to "always" (#138)..." (No clear component relevance)
  → Commit: 0921993
  → Reason: No matching patterns

DEBUG: Evaluating commit: "feat(build): Update to Storybook 9..."

INCLUDE: "feat(build): Update to Storybook 9..." (New features)
  → Commit: c983425
  → Reason: New features
  → Pattern: /^feat|^feature|add\s+|new\s+|implement|introduc/

DEBUG: Evaluating commit: "fix: Update Design Tokens Package and Fix Tokens..."

INCLUDE: "fix: Update Design Tokens Package and Fix Tokens..." (Design/Visual changes)
  → Commit: 0ea3b49
  → Reason: Design/Visual changes
  → Pattern: /design|visual|style|theme|color|layout|spacing|border|shadow/

DEBUG: Evaluating commit: "refactor: Use Web Component Decorator from CDK..."

INCLUDE: "refactor: Use Web Component Decorator from CDK..." (Component-related)
  → Commit: 0b7f502
  → Reason: Component-related
  → Pattern: /component|web.component|custom.element/

DEBUG: Evaluating commit: "fix: Update Design Tokens, Higher Contrast for Badges/Chips (#115)..."

INCLUDE: "fix: Update Design Tokens, Higher Contrast for Badges/Chips (#115)..." (Design/Visual changes)
  → Commit: bfba9a7
  → Reason: Design/Visual changes
  → Pattern: /design|visual|style|theme|color|layout|spacing|border|shadow/

DEBUG: Evaluating commit: "docs: Add Components Status Page..."

INCLUDE: "docs: Add Components Status Page..." (New features)
  → Commit: daf000f
  → Reason: New features
  → Pattern: /^feat|^feature|add\s+|new\s+|implement|introduc/

DEBUG: Evaluating commit: "feat: Elevate Badge (#83)..."

INCLUDE: "feat: Elevate Badge (#83)..." (Short component name)
  → Commit: ae027cf
  → Reason: Short component name
  → Pattern: /\bbadge\b/i

DEBUG: Evaluating commit: "build: Separate CLI Tools and Storybook Addons into own Repositories/Packages..."

UNCERTAIN: "build: Separate CLI Tools and Storybook Addons into own Repositories/Packages..." (No clear component relevance)
  → Commit: d95c89b
  → Reason: No matching patterns

DEBUG: Evaluating commit: "refac: Add Shape Enum for both chip and badge..."

INCLUDE: "refac: Add Shape Enum for both chip and badge..." (Short component name)
  → Commit: 102fd05
  → Reason: Short component name
  → Pattern: /\bbadge\b/i

DEBUG: Evaluating commit: "refactor: Consolidate Severity To Variant Mapping..."

INCLUDE: "refactor: Consolidate Severity To Variant Mapping..." (Accessibility)
  → Commit: 61b6eed
  → Reason: Accessibility
  → Pattern: /accessibility|a11y|screen.reader|keyboard|aria|focus/

DEBUG: Evaluating commit: "refactor: Consolidate and Export Severity Enum..."

UNCERTAIN: "refactor: Consolidate and Export Severity Enum..." (No clear component relevance)
  → Commit: ea1ad10
  → Reason: No matching patterns

DEBUG: Evaluating commit: "refactor: Consolidate and Export Severity Enum..."

UNCERTAIN: "refactor: Consolidate and Export Severity Enum..." (No clear component relevance)
  → Commit: 51b5cb5
  → Reason: No matching patterns

DEBUG: Evaluating commit: "fix: Update Annotation and Extensions for Consistency..."

INCLUDE: "fix: Update Annotation and Extensions for Consistency..." (Bug fixes)
  → Commit: 5e60aef
  → Reason: Bug fixes
  → Pattern: /^fix|^bug|resolve|correct|patch/

DEBUG: Evaluating commit: "feat: Add Badge Wrapper Component..."

INCLUDE: "feat: Add Badge Wrapper Component..." (Short component name)
  → Commit: 868fd7d
  → Reason: Short component name
  → Pattern: /\bbadge\b/i

INFO: Filtered from 22 to 17 relevant commits
