# Changelog Generation Log for elvt-lightbox
# Generated: 2025-08-16T20:51:10.686Z
# GitHub API: https://api.github.com/repos/inform-elevate/elevate-core-ui

## Summary
Total log entries: 11
Included commits: 3
Excluded commits: 0
Uncertain commits: 1

## Detailed Log

INFO: Starting changelog generation for elvt-lightbox

INFO: Found 4 total commits from GitHub API

DEBUG: Evaluating commit: "fix: Fix Lightbox Story Accessibility Contrast..."

INCLUDE: "fix: Fix Lightbox Story Accessibility Contrast..." (Short component name)
  → Commit: 9fad04b
  → Reason: Short component name
  → Pattern: /\blightbox\b/i

DEBUG: Evaluating commit: "refactor: Change the "arrowParens" in Prettier to "always" (#138)..."

UNCERTAIN: "refactor: Change the "arrowParens" in Prettier to "always" (#138)..." (No clear component relevance)
  → Commit: 0921993
  → Reason: No matching patterns

DEBUG: Evaluating commit: "feat(build): Update to Storybook 9..."

INCLUDE: "feat(build): Update to Storybook 9..." (New features)
  → Commit: c983425
  → Reason: New features
  → Pattern: /^feat|^feature|add\s+|new\s+|implement|introduc/

DEBUG: Evaluating commit: "feat: Add Lightbox and Dialogs..."

INCLUDE: "feat: Add Lightbox and Dialogs..." (Short component name)
  → Commit: 37d6740
  → Reason: Short component name
  → Pattern: /\blightbox\b/i

INFO: Filtered from 4 to 3 relevant commits
