# Changelog Generation Log for elvt-table-cell
# Generated: 2025-08-18T20:24:22.695Z
# GitHub API: https://api.github.com/repos/inform-elevate/elevate-core-ui

## Summary
Total log entries: 7
Included commits: 0
Excluded commits: 0
Uncertain commits: 2

## Detailed Log

INFO: Starting changelog generation for elvt-table-cell

INFO: Found 2 total commits from GitHub API

DEBUG: Evaluating commit: "docs: Update Component Status..."

UNCERTAIN: "docs: Update Component Status..." (No clear component relevance)
  → Commit: 24cb112
  → Reason: No matching patterns

DEBUG: Evaluating commit: "feat: Add Table Selection..."

UNCERTAIN: "feat: Add Table Selection..." (No clear component relevance)
  → Commit: bb8d2fe
  → Reason: No matching patterns

INFO: Filtered from 2 to 0 relevant commits
