# Changelog Generation Log for elvt-select
# Generated: 2025-08-16T20:51:33.247Z
# GitHub API: https://api.github.com/repos/inform-elevate/elevate-core-ui

## Summary
Total log entries: 21
Included commits: 8
Excluded commits: 0
Uncertain commits: 1

## Detailed Log

INFO: Starting changelog generation for elvt-select

INFO: Found 9 total commits from GitHub API

DEBUG: Evaluating commit: "fix: Fix Value for Multiple Select..."

INCLUDE: "fix: Fix Value for Multiple Select..." (Short component name)
  → Commit: 277dc05
  → Reason: Short component name
  → Pattern: /\bselect\b/i

DEBUG: Evaluating commit: "feat: Add Form Control Validators..."

INCLUDE: "feat: Add Form Control Validators..." (New features)
  → Commit: 81c9c90
  → Reason: New features
  → Pattern: /^feat|^feature|add\s+|new\s+|implement|introduc/

DEBUG: Evaluating commit: "feat: Add Multi-Column Direction to Stack Component..."

INCLUDE: "feat: Add Multi-Column Direction to Stack Component..." (New features)
  → Commit: 573e50e
  → Reason: New features
  → Pattern: /^feat|^feature|add\s+|new\s+|implement|introduc/

DEBUG: Evaluating commit: "refactor: Rename ComponentSize to Size ..."

INCLUDE: "refactor: Rename ComponentSize to Size ..." (Component-related)
  → Commit: ab26ae6
  → Reason: Component-related
  → Pattern: /component|web.component|custom.element/

DEBUG: Evaluating commit: "feat: Add Field Component..."

INCLUDE: "feat: Add Field Component..." (New features)
  → Commit: 890b3f0
  → Reason: New features
  → Pattern: /^feat|^feature|add\s+|new\s+|implement|introduc/

DEBUG: Evaluating commit: "feat: Add Autoloader..."

INCLUDE: "feat: Add Autoloader..." (New features)
  → Commit: 8d557b0
  → Reason: New features
  → Pattern: /^feat|^feature|add\s+|new\s+|implement|introduc/

DEBUG: Evaluating commit: "refactor: Change the "arrowParens" in Prettier to "always" (#138)..."

UNCERTAIN: "refactor: Change the "arrowParens" in Prettier to "always" (#138)..." (No clear component relevance)
  → Commit: 0921993
  → Reason: No matching patterns

DEBUG: Evaluating commit: "feat(build): Update to Storybook 9..."

INCLUDE: "feat(build): Update to Storybook 9..." (New features)
  → Commit: c983425
  → Reason: New features
  → Pattern: /^feat|^feature|add\s+|new\s+|implement|introduc/

DEBUG: Evaluating commit: "feat: Attach Form Control Internals (#127)..."

INCLUDE: "feat: Attach Form Control Internals (#127)..." (New features)
  → Commit: 95b8bff
  → Reason: New features
  → Pattern: /^feat|^feature|add\s+|new\s+|implement|introduc/

INFO: Filtered from 9 to 8 relevant commits
