# Changelog Generation Log for elvt-tab-panel
# Generated: 2025-08-16T20:51:50.712Z
# GitHub API: https://api.github.com/repos/inform-elevate/elevate-core-ui

## Summary
Total log entries: 13
Included commits: 5
Excluded commits: 0
Uncertain commits: 0

## Detailed Log

INFO: Starting changelog generation for elvt-tab-panel

INFO: Found 5 total commits from GitHub API

DEBUG: Evaluating commit: "fix: Adjust Padding for TabPanel..."

INCLUDE: "fix: Adjust Padding for TabPanel..." (Bug fixes)
  → Commit: a6b498d
  → Reason: Bug fixes
  → Pattern: /^fix|^bug|resolve|correct|patch/

DEBUG: Evaluating commit: "feat: Adjust Tab, TabPanel and TabGroup Design..."

INCLUDE: "feat: Adjust Tab, TabPanel and TabGroup Design..." (Design/Visual changes)
  → Commit: 1eba9c8
  → Reason: Design/Visual changes
  → Pattern: /design|visual|style|theme|color|layout|spacing|border|shadow/

DEBUG: Evaluating commit: "feat(build): Update to Storybook 9..."

INCLUDE: "feat(build): Update to Storybook 9..." (New features)
  → Commit: c983425
  → Reason: New features
  → Pattern: /^feat|^feature|add\s+|new\s+|implement|introduc/

DEBUG: Evaluating commit: "refactor: Use Web Component Decorator from CDK..."

INCLUDE: "refactor: Use Web Component Decorator from CDK..." (Component-related)
  → Commit: 0b7f502
  → Reason: Component-related
  → Pattern: /component|web.component|custom.element/

DEBUG: Evaluating commit: "refactor: Flatten Components File Structure..."

INCLUDE: "refactor: Flatten Components File Structure..." (Component-related)
  → Commit: 36e7dd6
  → Reason: Component-related
  → Pattern: /component|web.component|custom.element/

INFO: Filtered from 5 to 5 relevant commits
