# Changelog Generation Log for elvt-indicator
# Generated: 2025-08-18T20:23:48.114Z
# GitHub API: https://api.github.com/repos/inform-elevate/elevate-core-ui

## Summary
Total log entries: 25
Included commits: 1
Excluded commits: 0
Uncertain commits: 10

## Detailed Log

INFO: Starting changelog generation for elvt-indicator

INFO: Found 11 total commits from GitHub API

DEBUG: Evaluating commit: "fix: Fix Button Group Separator Lines (#250)..."

UNCERTAIN: "fix: Fix Button Group Separator Lines (#250)..." (No clear component relevance)
  → Commit: 7de00fe
  → Reason: No matching patterns

DEBUG: Evaluating commit: "feat: Add Field Component..."

UNCERTAIN: "feat: Add Field Component..." (No clear component relevance)
  → Commit: 890b3f0
  → Reason: No matching patterns

DEBUG: Evaluating commit: "feat: Consolidate and Improve Link Component..."

UNCERTAIN: "feat: Consolidate and Improve Link Component..." (No clear component relevance)
  → Commit: 3e64741
  → Reason: No matching patterns

DEBUG: Evaluating commit: "fix: Export Table Types..."

UNCERTAIN: "fix: Export Table Types..." (No clear component relevance)
  → Commit: 8ab9caf
  → Reason: No matching patterns

DEBUG: Evaluating commit: "feat: Console Generic Shape (Box|Pill), Badge is Pill by Default..."

UNCERTAIN: "feat: Console Generic Shape (Box|Pill), Badge is Pill by Default..." (No clear component relevance)
  → Commit: 4a99c1a
  → Reason: No matching patterns

DEBUG: Evaluating commit: "refactor!: Replace Severity with Tone..."

UNCERTAIN: "refactor!: Replace Severity with Tone..." (No clear component relevance)
  → Commit: 0d82a85
  → Reason: No matching patterns

DEBUG: Evaluating commit: "feat: Add Autoloader..."

UNCERTAIN: "feat: Add Autoloader..." (No clear component relevance)
  → Commit: 8d557b0
  → Reason: No matching patterns

DEBUG: Evaluating commit: "refactor: Change the "arrowParens" in Prettier to "always" (#138)..."

UNCERTAIN: "refactor: Change the "arrowParens" in Prettier to "always" (#138)..." (No clear component relevance)
  → Commit: 0921993
  → Reason: No matching patterns

DEBUG: Evaluating commit: "feat(build): Update to Storybook 9..."

UNCERTAIN: "feat(build): Update to Storybook 9..." (No clear component relevance)
  → Commit: c983425
  → Reason: No matching patterns

DEBUG: Evaluating commit: "refactor: Use Web Component Decorator from CDK..."

INCLUDE: "refactor: Use Web Component Decorator from CDK..." (Component framework change)
  → Commit: 0b7f502
  → Reason: Component framework change
  → Pattern: /web\s+component\s+decorator|component\s+base|lit\s+element.*change/i

DEBUG: Evaluating commit: "refactor: Flatten Components File Structure..."

UNCERTAIN: "refactor: Flatten Components File Structure..." (No clear component relevance)
  → Commit: 36e7dd6
  → Reason: No matching patterns

INFO: Filtered from 11 to 1 relevant commits
