# Changelog Generation Log for elvt-button-group
# Generated: 2025-08-18T20:23:25.927Z
# GitHub API: https://api.github.com/repos/inform-elevate/elevate-core-ui

## Summary
Total log entries: 27
Included commits: 1
Excluded commits: 0
Uncertain commits: 11

## Detailed Log

INFO: Starting changelog generation for elvt-button-group

INFO: Found 12 total commits from GitHub API

DEBUG: Evaluating commit: "fix: Fix Button Group Separator Lines (#250)..."

UNCERTAIN: "fix: Fix Button Group Separator Lines (#250)..." (No clear component relevance)
  → Commit: 7de00fe
  → Reason: No matching patterns

DEBUG: Evaluating commit: "docs: Update Component Status..."

UNCERTAIN: "docs: Update Component Status..." (No clear component relevance)
  → Commit: 24cb112
  → Reason: No matching patterns

DEBUG: Evaluating commit: "feat: Adjust Button Design, Remove Shoelace Button..."

UNCERTAIN: "feat: Adjust Button Design, Remove Shoelace Button..." (No clear component relevance)
  → Commit: 67a0e62
  → Reason: No matching patterns

DEBUG: Evaluating commit: "refactor: Rename ComponentSize to Size ..."

UNCERTAIN: "refactor: Rename ComponentSize to Size ..." (No clear component relevance)
  → Commit: ab26ae6
  → Reason: No matching patterns

DEBUG: Evaluating commit: "refactor!: Replace Severity with Tone..."

UNCERTAIN: "refactor!: Replace Severity with Tone..." (No clear component relevance)
  → Commit: 0d82a85
  → Reason: No matching patterns

DEBUG: Evaluating commit: "fix: Added hide-label Prop and Fixed Checkbox Usability Issues..."

UNCERTAIN: "fix: Added hide-label Prop and Fixed Checkbox Usability Issues..." (No clear component relevance)
  → Commit: dea7d2d
  → Reason: No matching patterns

DEBUG: Evaluating commit: "refactor: Change the "arrowParens" in Prettier to "always" (#138)..."

UNCERTAIN: "refactor: Change the "arrowParens" in Prettier to "always" (#138)..." (No clear component relevance)
  → Commit: 0921993
  → Reason: No matching patterns

DEBUG: Evaluating commit: "feat(build): Update to Storybook 9..."

UNCERTAIN: "feat(build): Update to Storybook 9..." (No clear component relevance)
  → Commit: c983425
  → Reason: No matching patterns

DEBUG: Evaluating commit: "refactor: Use Web Component Decorator from CDK..."

INCLUDE: "refactor: Use Web Component Decorator from CDK..." (Component framework change)
  → Commit: 0b7f502
  → Reason: Component framework change
  → Pattern: /web\s+component\s+decorator|component\s+base|lit\s+element.*change/i

DEBUG: Evaluating commit: "docs: Add Components Status Page..."

UNCERTAIN: "docs: Add Components Status Page..." (No clear component relevance)
  → Commit: daf000f
  → Reason: No matching patterns

DEBUG: Evaluating commit: "docs: Document Severity and Refactor ButtonSeverity..."

UNCERTAIN: "docs: Document Severity and Refactor ButtonSeverity..." (No clear component relevance)
  → Commit: fa7f552
  → Reason: No matching patterns

DEBUG: Evaluating commit: "feat: Add ButtonGroup Component..."

UNCERTAIN: "feat: Add ButtonGroup Component..." (No clear component relevance)
  → Commit: 4b1166b
  → Reason: No matching patterns

INFO: Filtered from 12 to 1 relevant commits
