# Changelog Generation Log for elvt-card
# Generated: 2025-08-16T20:50:48.014Z
# GitHub API: https://api.github.com/repos/inform-elevate/elevate-core-ui

## Summary
Total log entries: 15
Included commits: 5
Excluded commits: 0
Uncertain commits: 1

## Detailed Log

INFO: Starting changelog generation for elvt-card

INFO: Found 6 total commits from GitHub API

DEBUG: Evaluating commit: "feat: Add Card Border and Layer Properties..."

INCLUDE: "feat: Add Card Border and Layer Properties..." (Short component name)
  → Commit: a3ca8b3
  → Reason: Short component name
  → Pattern: /\bcard\b/i

DEBUG: Evaluating commit: "feat: Console Generic Shape (Box|Pill), Badge is Pill by Default..."

INCLUDE: "feat: Console Generic Shape (Box|Pill), Badge is Pill by Default..." (New features)
  → Commit: 4a99c1a
  → Reason: New features
  → Pattern: /^feat|^feature|add\s+|new\s+|implement|introduc/

DEBUG: Evaluating commit: "refactor: Change the "arrowParens" in Prettier to "always" (#138)..."

UNCERTAIN: "refactor: Change the "arrowParens" in Prettier to "always" (#138)..." (No clear component relevance)
  → Commit: 0921993
  → Reason: No matching patterns

DEBUG: Evaluating commit: "feat(build): Update to Storybook 9..."

INCLUDE: "feat(build): Update to Storybook 9..." (New features)
  → Commit: c983425
  → Reason: New features
  → Pattern: /^feat|^feature|add\s+|new\s+|implement|introduc/

DEBUG: Evaluating commit: "refactor: Use Web Component Decorator from CDK..."

INCLUDE: "refactor: Use Web Component Decorator from CDK..." (Component-related)
  → Commit: 0b7f502
  → Reason: Component-related
  → Pattern: /component|web.component|custom.element/

DEBUG: Evaluating commit: "refactor: Flatten Components File Structure..."

INCLUDE: "refactor: Flatten Components File Structure..." (Component-related)
  → Commit: 36e7dd6
  → Reason: Component-related
  → Pattern: /component|web.component|custom.element/

INFO: Filtered from 6 to 5 relevant commits
