# Changelog Generation Log for elvt-avatar
# Generated: 2025-08-18T20:23:18.132Z
# GitHub API: https://api.github.com/repos/inform-elevate/elevate-core-ui

## Summary
Total log entries: 17
Included commits: 2
Excluded commits: 0
Uncertain commits: 5

## Detailed Log

INFO: Starting changelog generation for elvt-avatar

INFO: Found 7 total commits from GitHub API

DEBUG: Evaluating commit: "test: Replace Image for Avatar/Icon Tests..."

INCLUDE: "test: Replace Image for Avatar/Icon Tests..." (Short component name)
  → Commit: 650f904
  → Reason: Short component name
  → Pattern: /\bavatar\b/i

DEBUG: Evaluating commit: "build(feat): Add VRT with Firefox and Webkit..."

UNCERTAIN: "build(feat): Add VRT with Firefox and Webkit..." (No clear component relevance)
  → Commit: 21b8034
  → Reason: No matching patterns

DEBUG: Evaluating commit: "feat: Add Autoloader..."

UNCERTAIN: "feat: Add Autoloader..." (No clear component relevance)
  → Commit: 8d557b0
  → Reason: No matching patterns

DEBUG: Evaluating commit: "refactor: Change the "arrowParens" in Prettier to "always" (#138)..."

UNCERTAIN: "refactor: Change the "arrowParens" in Prettier to "always" (#138)..." (No clear component relevance)
  → Commit: 0921993
  → Reason: No matching patterns

DEBUG: Evaluating commit: "feat(build): Update to Storybook 9..."

UNCERTAIN: "feat(build): Update to Storybook 9..." (No clear component relevance)
  → Commit: c983425
  → Reason: No matching patterns

DEBUG: Evaluating commit: "refactor: Use Web Component Decorator from CDK..."

INCLUDE: "refactor: Use Web Component Decorator from CDK..." (Component framework change)
  → Commit: 0b7f502
  → Reason: Component framework change
  → Pattern: /web\s+component\s+decorator|component\s+base|lit\s+element.*change/i

DEBUG: Evaluating commit: "refactor: Flatten Components File Structure..."

UNCERTAIN: "refactor: Flatten Components File Structure..." (No clear component relevance)
  → Commit: 36e7dd6
  → Reason: No matching patterns

INFO: Filtered from 7 to 2 relevant commits
