# Changelog Generation Log for elvt-icon-button
# Generated: 2025-08-18T20:23:44.330Z
# GitHub API: https://api.github.com/repos/inform-elevate/elevate-core-ui

## Summary
Total log entries: 21
Included commits: 1
Excluded commits: 0
Uncertain commits: 8

## Detailed Log

INFO: Starting changelog generation for elvt-icon-button

INFO: Found 9 total commits from GitHub API

DEBUG: Evaluating commit: "feat: Implement DropDown Component..."

UNCERTAIN: "feat: Implement DropDown Component..." (No clear component relevance)
  → Commit: a4e1f06
  → Reason: No matching patterns

DEBUG: Evaluating commit: "refactor: Rename ComponentSize to Size ..."

UNCERTAIN: "refactor: Rename ComponentSize to Size ..." (No clear component relevance)
  → Commit: ab26ae6
  → Reason: No matching patterns

DEBUG: Evaluating commit: "feat: Make Libraries External for NPM Package..."

UNCERTAIN: "feat: Make Libraries External for NPM Package..." (No clear component relevance)
  → Commit: 4a0540c
  → Reason: No matching patterns

DEBUG: Evaluating commit: "feat: Add Autoloader..."

UNCERTAIN: "feat: Add Autoloader..." (No clear component relevance)
  → Commit: 8d557b0
  → Reason: No matching patterns

DEBUG: Evaluating commit: "fix: Allow Strings for LinkTarget (Names)..."

UNCERTAIN: "fix: Allow Strings for LinkTarget (Names)..." (No clear component relevance)
  → Commit: 04b4780
  → Reason: No matching patterns

DEBUG: Evaluating commit: "refactor: Change the "arrowParens" in Prettier to "always" (#138)..."

UNCERTAIN: "refactor: Change the "arrowParens" in Prettier to "always" (#138)..." (No clear component relevance)
  → Commit: 0921993
  → Reason: No matching patterns

DEBUG: Evaluating commit: "feat(build): Update to Storybook 9..."

UNCERTAIN: "feat(build): Update to Storybook 9..." (No clear component relevance)
  → Commit: c983425
  → Reason: No matching patterns

DEBUG: Evaluating commit: "refactor: Use Web Component Decorator from CDK..."

INCLUDE: "refactor: Use Web Component Decorator from CDK..." (Component framework change)
  → Commit: 0b7f502
  → Reason: Component framework change
  → Pattern: /web\s+component\s+decorator|component\s+base|lit\s+element.*change/i

DEBUG: Evaluating commit: "refactor: Flatten Components File Structure..."

UNCERTAIN: "refactor: Flatten Components File Structure..." (No clear component relevance)
  → Commit: 36e7dd6
  → Reason: No matching patterns

INFO: Filtered from 9 to 1 relevant commits
