# Changelog Generation Log for elvt-menu
# Generated: 2025-08-16T20:51:16.312Z
# GitHub API: https://api.github.com/repos/inform-elevate/elevate-core-ui

## Summary
Total log entries: 25
Included commits: 9
Excluded commits: 0
Uncertain commits: 2

## Detailed Log

INFO: Starting changelog generation for elvt-menu

INFO: Found 11 total commits from GitHub API

DEBUG: Evaluating commit: "feat: Implement DropDown Component..."

INCLUDE: "feat: Implement DropDown Component..." (New features)
  → Commit: a4e1f06
  → Reason: New features
  → Pattern: /^feat|^feature|add\s+|new\s+|implement|introduc/

DEBUG: Evaluating commit: "refactor!: Replace Severity with Tone..."

UNCERTAIN: "refactor!: Replace Severity with Tone..." (No clear component relevance)
  → Commit: 0d82a85
  → Reason: No matching patterns

DEBUG: Evaluating commit: "feat: Add Autoloader..."

INCLUDE: "feat: Add Autoloader..." (New features)
  → Commit: 8d557b0
  → Reason: New features
  → Pattern: /^feat|^feature|add\s+|new\s+|implement|introduc/

DEBUG: Evaluating commit: "refactor: Change the "arrowParens" in Prettier to "always" (#138)..."

UNCERTAIN: "refactor: Change the "arrowParens" in Prettier to "always" (#138)..." (No clear component relevance)
  → Commit: 0921993
  → Reason: No matching patterns

DEBUG: Evaluating commit: "feat(build): Update to Storybook 9..."

INCLUDE: "feat(build): Update to Storybook 9..." (New features)
  → Commit: c983425
  → Reason: New features
  → Pattern: /^feat|^feature|add\s+|new\s+|implement|introduc/

DEBUG: Evaluating commit: "refactor: Use Web Component Decorator from CDK..."

INCLUDE: "refactor: Use Web Component Decorator from CDK..." (Component-related)
  → Commit: 0b7f502
  → Reason: Component-related
  → Pattern: /component|web.component|custom.element/

DEBUG: Evaluating commit: "docs: Add Components Status Page..."

INCLUDE: "docs: Add Components Status Page..." (New features)
  → Commit: daf000f
  → Reason: New features
  → Pattern: /^feat|^feature|add\s+|new\s+|implement|introduc/

DEBUG: Evaluating commit: "fix: Fix Menu "shape" Property (#91)..."

INCLUDE: "fix: Fix Menu "shape" Property (#91)..." (Short component name)
  → Commit: 497830e
  → Reason: Short component name
  → Pattern: /\bmenu\b/i

DEBUG: Evaluating commit: "feat: Add "inline" Shape to Menu for Navigations (#87)..."

INCLUDE: "feat: Add "inline" Shape to Menu for Navigations (#87)..." (Short component name)
  → Commit: 54a1313
  → Reason: Short component name
  → Pattern: /\bmenu\b/i

DEBUG: Evaluating commit: "refactor: Improve Menu Item..."

INCLUDE: "refactor: Improve Menu Item..." (Short component name)
  → Commit: c52fca7
  → Reason: Short component name
  → Pattern: /\bmenu\b/i

DEBUG: Evaluating commit: "refactor: Move Menu/Dropdown Components Into a Subdirectory..."

INCLUDE: "refactor: Move Menu/Dropdown Components Into a Subdirectory..." (Short component name)
  → Commit: e74ccc4
  → Reason: Short component name
  → Pattern: /\bmenu\b/i

INFO: Filtered from 11 to 9 relevant commits
