# Changelog Generation Log for elvt-tab-group
# Generated: 2025-08-16T20:51:48.394Z
# GitHub API: https://api.github.com/repos/inform-elevate/elevate-core-ui

## Summary
Total log entries: 19
Included commits: 7
Excluded commits: 0
Uncertain commits: 1

## Detailed Log

INFO: Starting changelog generation for elvt-tab-group

INFO: Found 8 total commits from GitHub API

DEBUG: Evaluating commit: "fix: Change RTL Implementation for TabGroup..."

INCLUDE: "fix: Change RTL Implementation for TabGroup..." (New features)
  → Commit: c0da45b
  → Reason: New features
  → Pattern: /^feat|^feature|add\s+|new\s+|implement|introduc/

DEBUG: Evaluating commit: "fix: Handle Setting ActiveTab in TabGroup Correctly..."

INCLUDE: "fix: Handle Setting ActiveTab in TabGroup Correctly..." (Bug fixes)
  → Commit: 25495d0
  → Reason: Bug fixes
  → Pattern: /^fix|^bug|resolve|correct|patch/

DEBUG: Evaluating commit: "feat: Adjust Tab, TabPanel and TabGroup Design..."

INCLUDE: "feat: Adjust Tab, TabPanel and TabGroup Design..." (Design/Visual changes)
  → Commit: 1eba9c8
  → Reason: Design/Visual changes
  → Pattern: /design|visual|style|theme|color|layout|spacing|border|shadow/

DEBUG: Evaluating commit: "feat: Add Autoloader..."

INCLUDE: "feat: Add Autoloader..." (New features)
  → Commit: 8d557b0
  → Reason: New features
  → Pattern: /^feat|^feature|add\s+|new\s+|implement|introduc/

DEBUG: Evaluating commit: "refactor: Change the "arrowParens" in Prettier to "always" (#138)..."

UNCERTAIN: "refactor: Change the "arrowParens" in Prettier to "always" (#138)..." (No clear component relevance)
  → Commit: 0921993
  → Reason: No matching patterns

DEBUG: Evaluating commit: "feat(build): Update to Storybook 9..."

INCLUDE: "feat(build): Update to Storybook 9..." (New features)
  → Commit: c983425
  → Reason: New features
  → Pattern: /^feat|^feature|add\s+|new\s+|implement|introduc/

DEBUG: Evaluating commit: "refactor: Use Web Component Decorator from CDK..."

INCLUDE: "refactor: Use Web Component Decorator from CDK..." (Component-related)
  → Commit: 0b7f502
  → Reason: Component-related
  → Pattern: /component|web.component|custom.element/

DEBUG: Evaluating commit: "refactor: Flatten Components File Structure..."

INCLUDE: "refactor: Flatten Components File Structure..." (Component-related)
  → Commit: 36e7dd6
  → Reason: Component-related
  → Pattern: /component|web.component|custom.element/

INFO: Filtered from 8 to 7 relevant commits
