# Changelog Generation Log for elvt-radio
# Generated: 2025-08-16T20:51:29.273Z
# GitHub API: https://api.github.com/repos/inform-elevate/elevate-core-ui

## Summary
Total log entries: 27
Included commits: 11
Excluded commits: 0
Uncertain commits: 1

## Detailed Log

INFO: Starting changelog generation for elvt-radio

INFO: Found 12 total commits from GitHub API

DEBUG: Evaluating commit: "chore: Update Dependencies and Design Tokens..."

INCLUDE: "chore: Update Dependencies and Design Tokens..." (Design/Visual changes)
  → Commit: 907aee4
  → Reason: Design/Visual changes
  → Pattern: /design|visual|style|theme|color|layout|spacing|border|shadow/

DEBUG: Evaluating commit: "fix: Update Radio Style and Add Reference Images..."

INCLUDE: "fix: Update Radio Style and Add Reference Images..." (Short component name)
  → Commit: a336c13
  → Reason: Short component name
  → Pattern: /\bradio\b/i

DEBUG: Evaluating commit: "feat: Adjust Radio Styles..."

INCLUDE: "feat: Adjust Radio Styles..." (Short component name)
  → Commit: e4ccbe5
  → Reason: Short component name
  → Pattern: /\bradio\b/i

DEBUG: Evaluating commit: "refactor: Rename ComponentSize to Size ..."

INCLUDE: "refactor: Rename ComponentSize to Size ..." (Component-related)
  → Commit: ab26ae6
  → Reason: Component-related
  → Pattern: /component|web.component|custom.element/

DEBUG: Evaluating commit: "feat: Style Elevate Switch Component..."

INCLUDE: "feat: Style Elevate Switch Component..." (Design/Visual changes)
  → Commit: a547458
  → Reason: Design/Visual changes
  → Pattern: /design|visual|style|theme|color|layout|spacing|border|shadow/

DEBUG: Evaluating commit: "feat: Add Elevate Radio..."

INCLUDE: "feat: Add Elevate Radio..." (Short component name)
  → Commit: 09462ee
  → Reason: Short component name
  → Pattern: /\bradio\b/i

DEBUG: Evaluating commit: "fix: Export Table Types..."

INCLUDE: "fix: Export Table Types..." (Bug fixes)
  → Commit: 8ab9caf
  → Reason: Bug fixes
  → Pattern: /^fix|^bug|resolve|correct|patch/

DEBUG: Evaluating commit: "feat: Add Autoloader..."

INCLUDE: "feat: Add Autoloader..." (New features)
  → Commit: 8d557b0
  → Reason: New features
  → Pattern: /^feat|^feature|add\s+|new\s+|implement|introduc/

DEBUG: Evaluating commit: "fix: Added hide-label Prop and Fixed Checkbox Usability Issues..."

INCLUDE: "fix: Added hide-label Prop and Fixed Checkbox Usability Issues..." (Bug fixes)
  → Commit: dea7d2d
  → Reason: Bug fixes
  → Pattern: /^fix|^bug|resolve|correct|patch/

DEBUG: Evaluating commit: "refactor: Change the "arrowParens" in Prettier to "always" (#138)..."

UNCERTAIN: "refactor: Change the "arrowParens" in Prettier to "always" (#138)..." (No clear component relevance)
  → Commit: 0921993
  → Reason: No matching patterns

DEBUG: Evaluating commit: "feat(build): Update to Storybook 9..."

INCLUDE: "feat(build): Update to Storybook 9..." (New features)
  → Commit: c983425
  → Reason: New features
  → Pattern: /^feat|^feature|add\s+|new\s+|implement|introduc/

DEBUG: Evaluating commit: "feat: Attach Form Control Internals (#127)..."

INCLUDE: "feat: Attach Form Control Internals (#127)..." (New features)
  → Commit: 95b8bff
  → Reason: New features
  → Pattern: /^feat|^feature|add\s+|new\s+|implement|introduc/

INFO: Filtered from 12 to 11 relevant commits
