# Changelog Generation Log for elvt-checkbox
# Generated: 2025-08-18T20:23:31.667Z
# GitHub API: https://api.github.com/repos/inform-elevate/elevate-core-ui

## Summary
Total log entries: 37
Included commits: 3
Excluded commits: 0
Uncertain commits: 14

## Detailed Log

INFO: Starting changelog generation for elvt-checkbox

INFO: Found 17 total commits from GitHub API

DEBUG: Evaluating commit: " feat: Restyle Elevate Checkbox Component..."

INCLUDE: " feat: Restyle Elevate Checkbox Component..." (Short component name)
  → Commit: 8b96b35
  → Reason: Short component name
  → Pattern: /\bcheckbox\b/i

DEBUG: Evaluating commit: "Chore/update design tokens 0.13.1..."

UNCERTAIN: "Chore/update design tokens 0.13.1..." (No clear component relevance)
  → Commit: 3ea7125
  → Reason: No matching patterns

DEBUG: Evaluating commit: "feat: Add Multi-Column Direction to Stack Component..."

UNCERTAIN: "feat: Add Multi-Column Direction to Stack Component..." (No clear component relevance)
  → Commit: 573e50e
  → Reason: No matching patterns

DEBUG: Evaluating commit: "refactor: Rename ComponentSize to Size ..."

UNCERTAIN: "refactor: Rename ComponentSize to Size ..." (No clear component relevance)
  → Commit: ab26ae6
  → Reason: No matching patterns

DEBUG: Evaluating commit: "feat: Style Elevate Switch Component..."

UNCERTAIN: "feat: Style Elevate Switch Component..." (No clear component relevance)
  → Commit: a547458
  → Reason: No matching patterns

DEBUG: Evaluating commit: "feat: Add Group Mode to Field Component..."

UNCERTAIN: "feat: Add Group Mode to Field Component..." (No clear component relevance)
  → Commit: 1588138
  → Reason: No matching patterns

DEBUG: Evaluating commit: "feat: Add Field Component..."

UNCERTAIN: "feat: Add Field Component..." (No clear component relevance)
  → Commit: 890b3f0
  → Reason: No matching patterns

DEBUG: Evaluating commit: "fix: Export Table Types..."

UNCERTAIN: "fix: Export Table Types..." (No clear component relevance)
  → Commit: 8ab9caf
  → Reason: No matching patterns

DEBUG: Evaluating commit: "feat: Add Table Selection..."

UNCERTAIN: "feat: Add Table Selection..." (No clear component relevance)
  → Commit: bb8d2fe
  → Reason: No matching patterns

DEBUG: Evaluating commit: "feat: Add Elevate Switch and Update Checkbox..."

INCLUDE: "feat: Add Elevate Switch and Update Checkbox..." (Short component name)
  → Commit: dc0fd89
  → Reason: Short component name
  → Pattern: /\bcheckbox\b/i

DEBUG: Evaluating commit: "feat: Make Libraries External for NPM Package..."

UNCERTAIN: "feat: Make Libraries External for NPM Package..." (No clear component relevance)
  → Commit: 4a0540c
  → Reason: No matching patterns

DEBUG: Evaluating commit: "fix: Added hide-label Prop and Fixed Checkbox Usability Issues..."

INCLUDE: "fix: Added hide-label Prop and Fixed Checkbox Usability Issues..." (Short component name)
  → Commit: dea7d2d
  → Reason: Short component name
  → Pattern: /\bcheckbox\b/i

DEBUG: Evaluating commit: "refactor: Change the "arrowParens" in Prettier to "always" (#138)..."

UNCERTAIN: "refactor: Change the "arrowParens" in Prettier to "always" (#138)..." (No clear component relevance)
  → Commit: 0921993
  → Reason: No matching patterns

DEBUG: Evaluating commit: "feat(build): Update to Storybook 9..."

UNCERTAIN: "feat(build): Update to Storybook 9..." (No clear component relevance)
  → Commit: c983425
  → Reason: No matching patterns

DEBUG: Evaluating commit: "fix: Update Design Tokens Package and Fix Tokens..."

UNCERTAIN: "fix: Update Design Tokens Package and Fix Tokens..." (No clear component relevance)
  → Commit: 0ea3b49
  → Reason: No matching patterns

DEBUG: Evaluating commit: "feat(refactor): Replace Variant Attributes with Shape..."

UNCERTAIN: "feat(refactor): Replace Variant Attributes with Shape..." (No clear component relevance)
  → Commit: c20d569
  → Reason: No matching patterns

DEBUG: Evaluating commit: "feat: Attach Form Control Internals (#127)..."

UNCERTAIN: "feat: Attach Form Control Internals (#127)..." (No clear component relevance)
  → Commit: 95b8bff
  → Reason: No matching patterns

INFO: Filtered from 17 to 3 relevant commits
