# Changelog Generation Log for elvt-table
# Generated: 2025-08-18T20:24:27.516Z
# GitHub API: https://api.github.com/repos/inform-elevate/elevate-core-ui

## Summary
Total log entries: 11
Included commits: 3
Excluded commits: 0
Uncertain commits: 1

## Detailed Log

INFO: Starting changelog generation for elvt-table

INFO: Found 4 total commits from GitHub API

DEBUG: Evaluating commit: "fix(table): Fix a Box-Sizing Bug in Non-Sortable Tables..."

INCLUDE: "fix(table): Fix a Box-Sizing Bug in Non-Sortable Tables..." (Short component name)
  → Commit: f2ff113
  → Reason: Short component name
  → Pattern: /\btable\b/i

DEBUG: Evaluating commit: "fix: Fix PagedTableDataProvider with Indeterminate Result Length (#196)..."

UNCERTAIN: "fix: Fix PagedTableDataProvider with Indeterminate Result Length (#196)..." (No clear component relevance)
  → Commit: 580a919
  → Reason: No matching patterns

DEBUG: Evaluating commit: "fix: Add Table Component Dependencies..."

INCLUDE: "fix: Add Table Component Dependencies..." (Short component name)
  → Commit: d5f001a
  → Reason: Short component name
  → Pattern: /\btable\b/i

DEBUG: Evaluating commit: "feat: Add Table Selection..."

INCLUDE: "feat: Add Table Selection..." (Short component name)
  → Commit: bb8d2fe
  → Reason: Short component name
  → Pattern: /\btable\b/i

INFO: Filtered from 4 to 3 relevant commits
