# Changelog Generation Log for elvt-link
# Generated: 2025-08-18T20:23:53.846Z
# GitHub API: https://api.github.com/repos/inform-elevate/elevate-core-ui

## Summary
Total log entries: 27
Included commits: 5
Excluded commits: 0
Uncertain commits: 7

## Detailed Log

INFO: Starting changelog generation for elvt-link

INFO: Found 12 total commits from GitHub API

DEBUG: Evaluating commit: "chore: Update Design Tokens..."

UNCERTAIN: "chore: Update Design Tokens..." (No clear component relevance)
  → Commit: 3692cba
  → Reason: No matching patterns

DEBUG: Evaluating commit: "feat: Adjust Link Design..."

INCLUDE: "feat: Adjust Link Design..." (Short component name)
  → Commit: 4eefa00
  → Reason: Short component name
  → Pattern: /\blink\b/i

DEBUG: Evaluating commit: "fix: Set Default Link Color..."

INCLUDE: "fix: Set Default Link Color..." (Short component name)
  → Commit: e223f33
  → Reason: Short component name
  → Pattern: /\blink\b/i

DEBUG: Evaluating commit: "chore: Update Design Tokens..."

UNCERTAIN: "chore: Update Design Tokens..." (No clear component relevance)
  → Commit: 89c6926
  → Reason: No matching patterns

DEBUG: Evaluating commit: "feat: Consolidate and Improve Link Component..."

INCLUDE: "feat: Consolidate and Improve Link Component..." (Short component name)
  → Commit: 3e64741
  → Reason: Short component name
  → Pattern: /\blink\b/i

DEBUG: Evaluating commit: "refactor: Change the "arrowParens" in Prettier to "always" (#138)..."

UNCERTAIN: "refactor: Change the "arrowParens" in Prettier to "always" (#138)..." (No clear component relevance)
  → Commit: 0921993
  → Reason: No matching patterns

DEBUG: Evaluating commit: "feat(build): Update to Storybook 9..."

UNCERTAIN: "feat(build): Update to Storybook 9..." (No clear component relevance)
  → Commit: c983425
  → Reason: No matching patterns

DEBUG: Evaluating commit: "fix: Make All Attribute Names "kebab-case"..."

UNCERTAIN: "fix: Make All Attribute Names "kebab-case"..." (No clear component relevance)
  → Commit: 4d0bee0
  → Reason: No matching patterns

DEBUG: Evaluating commit: "refactor: Use Web Component Decorator from CDK..."

INCLUDE: "refactor: Use Web Component Decorator from CDK..." (Component framework change)
  → Commit: 0b7f502
  → Reason: Component framework change
  → Pattern: /web\s+component\s+decorator|component\s+base|lit\s+element.*change/i

DEBUG: Evaluating commit: "docs: Add Components Status Page..."

UNCERTAIN: "docs: Add Components Status Page..." (No clear component relevance)
  → Commit: daf000f
  → Reason: No matching patterns

DEBUG: Evaluating commit: "feat: Improve React Compatibility (#73)..."

UNCERTAIN: "feat: Improve React Compatibility (#73)..." (No clear component relevance)
  → Commit: f0cd5c4
  → Reason: No matching patterns

DEBUG: Evaluating commit: "feat: Implement Link Component..."

INCLUDE: "feat: Implement Link Component..." (Short component name)
  → Commit: b1bcf46
  → Reason: Short component name
  → Pattern: /\blink\b/i

INFO: Filtered from 12 to 5 relevant commits
