# Changelog Generation Log for elvt-breadcrumb-item
# Generated: 2025-08-18T20:23:21.878Z
# GitHub API: https://api.github.com/repos/inform-elevate/elevate-core-ui

## Summary
Total log entries: 21
Included commits: 1
Excluded commits: 0
Uncertain commits: 8

## Detailed Log

INFO: Starting changelog generation for elvt-breadcrumb-item

INFO: Found 9 total commits from GitHub API

DEBUG: Evaluating commit: "chore: Update Design Tokens..."

UNCERTAIN: "chore: Update Design Tokens..." (No clear component relevance)
  → Commit: 3692cba
  → Reason: No matching patterns

DEBUG: Evaluating commit: "fix: Change RTL Implementation for TabGroup..."

UNCERTAIN: "fix: Change RTL Implementation for TabGroup..." (No clear component relevance)
  → Commit: c0da45b
  → Reason: No matching patterns

DEBUG: Evaluating commit: "Chore/update design tokens 0.13.1..."

UNCERTAIN: "Chore/update design tokens 0.13.1..." (No clear component relevance)
  → Commit: 3ea7125
  → Reason: No matching patterns

DEBUG: Evaluating commit: "docs: Update Component Status..."

UNCERTAIN: "docs: Update Component Status..." (No clear component relevance)
  → Commit: 24cb112
  → Reason: No matching patterns

DEBUG: Evaluating commit: "feat: Adjust Design for BreadcrumbItem..."

UNCERTAIN: "feat: Adjust Design for BreadcrumbItem..." (No clear component relevance)
  → Commit: 479d71f
  → Reason: No matching patterns

DEBUG: Evaluating commit: "feat(build): Update to Storybook 9..."

UNCERTAIN: "feat(build): Update to Storybook 9..." (No clear component relevance)
  → Commit: c983425
  → Reason: No matching patterns

DEBUG: Evaluating commit: "refactor: Use Web Component Decorator from CDK..."

INCLUDE: "refactor: Use Web Component Decorator from CDK..." (Component framework change)
  → Commit: 0b7f502
  → Reason: Component framework change
  → Pattern: /web\s+component\s+decorator|component\s+base|lit\s+element.*change/i

DEBUG: Evaluating commit: "docs: Add Components Status Page..."

UNCERTAIN: "docs: Add Components Status Page..." (No clear component relevance)
  → Commit: daf000f
  → Reason: No matching patterns

DEBUG: Evaluating commit: "feat: Add Breadcrumb and Breadcrumb Item Components..."

UNCERTAIN: "feat: Add Breadcrumb and Breadcrumb Item Components..." (No clear component relevance)
  → Commit: c95371e
  → Reason: No matching patterns

INFO: Filtered from 9 to 1 relevant commits
