# Changelog Generation Log for elvt-notification
# Generated: 2025-08-18T20:24:01.662Z
# GitHub API: https://api.github.com/repos/inform-elevate/elevate-core-ui

## Summary
Total log entries: 25
Included commits: 4
Excluded commits: 0
Uncertain commits: 7

## Detailed Log

INFO: Starting changelog generation for elvt-notification

INFO: Found 11 total commits from GitHub API

DEBUG: Evaluating commit: "refactor: Rename ComponentSize to Size ..."

UNCERTAIN: "refactor: Rename ComponentSize to Size ..." (No clear component relevance)
  → Commit: ab26ae6
  → Reason: No matching patterns

DEBUG: Evaluating commit: "refactor!: Replace Severity with Tone..."

UNCERTAIN: "refactor!: Replace Severity with Tone..." (No clear component relevance)
  → Commit: 0d82a85
  → Reason: No matching patterns

DEBUG: Evaluating commit: "feat: Add Autoloader..."

UNCERTAIN: "feat: Add Autoloader..." (No clear component relevance)
  → Commit: 8d557b0
  → Reason: No matching patterns

DEBUG: Evaluating commit: "fix: Display Notification with Duration..."

INCLUDE: "fix: Display Notification with Duration..." (Short component name)
  → Commit: e77604e
  → Reason: Short component name
  → Pattern: /\bnotification\b/i

DEBUG: Evaluating commit: "refactor: Change the "arrowParens" in Prettier to "always" (#138)..."

UNCERTAIN: "refactor: Change the "arrowParens" in Prettier to "always" (#138)..." (No clear component relevance)
  → Commit: 0921993
  → Reason: No matching patterns

DEBUG: Evaluating commit: "feat(build): Update to Storybook 9..."

UNCERTAIN: "feat(build): Update to Storybook 9..." (No clear component relevance)
  → Commit: c983425
  → Reason: No matching patterns

DEBUG: Evaluating commit: "feat(refactor): Replace Variant Attributes with Shape..."

UNCERTAIN: "feat(refactor): Replace Variant Attributes with Shape..." (No clear component relevance)
  → Commit: c20d569
  → Reason: No matching patterns

DEBUG: Evaluating commit: "test: Add Trigger to Notification Story..."

INCLUDE: "test: Add Trigger to Notification Story..." (Short component name)
  → Commit: 779909b
  → Reason: Short component name
  → Pattern: /\bnotification\b/i

DEBUG: Evaluating commit: "refactor: Use Web Component Decorator from CDK..."

INCLUDE: "refactor: Use Web Component Decorator from CDK..." (Component framework change)
  → Commit: 0b7f502
  → Reason: Component framework change
  → Pattern: /web\s+component\s+decorator|component\s+base|lit\s+element.*change/i

DEBUG: Evaluating commit: "docs: Add Components Status Page..."

UNCERTAIN: "docs: Add Components Status Page..." (No clear component relevance)
  → Commit: daf000f
  → Reason: No matching patterns

DEBUG: Evaluating commit: "feat: Add Notification Component (#78)..."

INCLUDE: "feat: Add Notification Component (#78)..." (Short component name)
  → Commit: 1e985d9
  → Reason: Short component name
  → Pattern: /\bnotification\b/i

INFO: Filtered from 11 to 4 relevant commits
