# Changelog Generation Log for elvt-stack
# Generated: 2025-08-18T20:24:19.544Z
# GitHub API: https://api.github.com/repos/inform-elevate/elevate-core-ui

## Summary
Total log entries: 23
Included commits: 4
Excluded commits: 0
Uncertain commits: 6

## Detailed Log

INFO: Starting changelog generation for elvt-stack

INFO: Found 10 total commits from GitHub API

DEBUG: Evaluating commit: "chore: Update Elevate Designs Token Package Version and Update Tokens..."

UNCERTAIN: "chore: Update Elevate Designs Token Package Version and Update Tokens..." (No clear component relevance)
  → Commit: cd3a237
  → Reason: No matching patterns

DEBUG: Evaluating commit: "feat: Add CSS Properties for Divider..."

UNCERTAIN: "feat: Add CSS Properties for Divider..." (No clear component relevance)
  → Commit: cba49c9
  → Reason: No matching patterns

DEBUG: Evaluating commit: "fix: Increase Default Overlap Indent for Stack, Cleanup Stack Stories..."

INCLUDE: "fix: Increase Default Overlap Indent for Stack, Cleanup Stack Stories..." (Short component name)
  → Commit: 9c25302
  → Reason: Short component name
  → Pattern: /\bstack\b/i

DEBUG: Evaluating commit: "feat: Add Overlap Direction to Stack Component..."

INCLUDE: "feat: Add Overlap Direction to Stack Component..." (Short component name)
  → Commit: f3bb7ba
  → Reason: Short component name
  → Pattern: /\bstack\b/i

DEBUG: Evaluating commit: "feat: Add Multi-Column Direction to Stack Component..."

INCLUDE: "feat: Add Multi-Column Direction to Stack Component..." (Short component name)
  → Commit: 573e50e
  → Reason: Short component name
  → Pattern: /\bstack\b/i

DEBUG: Evaluating commit: "refactor: Change the "arrowParens" in Prettier to "always" (#138)..."

UNCERTAIN: "refactor: Change the "arrowParens" in Prettier to "always" (#138)..." (No clear component relevance)
  → Commit: 0921993
  → Reason: No matching patterns

DEBUG: Evaluating commit: "feat(build): Update to Storybook 9..."

UNCERTAIN: "feat(build): Update to Storybook 9..." (No clear component relevance)
  → Commit: c983425
  → Reason: No matching patterns

DEBUG: Evaluating commit: "refactor: Use Web Component Decorator from CDK..."

INCLUDE: "refactor: Use Web Component Decorator from CDK..." (Component framework change)
  → Commit: 0b7f502
  → Reason: Component framework change
  → Pattern: /web\s+component\s+decorator|component\s+base|lit\s+element.*change/i

DEBUG: Evaluating commit: "docs: Fix Documentation Errors from Component Structure Changes (#113)..."

UNCERTAIN: "docs: Fix Documentation Errors from Component Structure Changes (#113)..." (No clear component relevance)
  → Commit: ae9938b
  → Reason: No matching patterns

DEBUG: Evaluating commit: "refactor: Flatten Components File Structure..."

UNCERTAIN: "refactor: Flatten Components File Structure..." (No clear component relevance)
  → Commit: 36e7dd6
  → Reason: No matching patterns

INFO: Filtered from 10 to 4 relevant commits
