# Changelog Generation Log for elvt-field
# Generated: 2025-08-18T20:23:42.526Z
# GitHub API: https://api.github.com/repos/inform-elevate/elevate-core-ui

## Summary
Total log entries: 7
Included commits: 0
Excluded commits: 0
Uncertain commits: 2

## Detailed Log

INFO: Starting changelog generation for elvt-field

INFO: Found 2 total commits from GitHub API

DEBUG: Evaluating commit: "feat: Support Form Reset and Basic Validation (Required)..."

UNCERTAIN: "feat: Support Form Reset and Basic Validation (Required)..." (No clear component relevance)
  → Commit: 44dc64e
  → Reason: No matching patterns

DEBUG: Evaluating commit: "feat: Add Multi-Column Direction to Stack Component..."

UNCERTAIN: "feat: Add Multi-Column Direction to Stack Component..." (No clear component relevance)
  → Commit: 573e50e
  → Reason: No matching patterns

INFO: Filtered from 2 to 0 relevant commits
