# Changelog Generation Log for elvt-popup
# Generated: 2025-08-16T20:51:23.734Z
# GitHub API: https://api.github.com/repos/inform-elevate/elevate-core-ui

## Summary
Total log entries: 7
Included commits: 2
Excluded commits: 0
Uncertain commits: 0

## Detailed Log

INFO: Starting changelog generation for elvt-popup

INFO: Found 2 total commits from GitHub API

DEBUG: Evaluating commit: "feat: Implement DropDown Component..."

INCLUDE: "feat: Implement DropDown Component..." (New features)
  → Commit: a4e1f06
  → Reason: New features
  → Pattern: /^feat|^feature|add\s+|new\s+|implement|introduc/

DEBUG: Evaluating commit: "feat: Add Popup Component..."

INCLUDE: "feat: Add Popup Component..." (Short component name)
  → Commit: c4191c7
  → Reason: Short component name
  → Pattern: /\bpopup\b/i

INFO: Filtered from 2 to 2 relevant commits
