# Changelog Generation Log for elvt-paginator
# Generated: 2025-08-18T20:24:03.548Z
# GitHub API: https://api.github.com/repos/inform-elevate/elevate-core-ui

## Summary
Total log entries: 35
Included commits: 3
Excluded commits: 0
Uncertain commits: 13

## Detailed Log

INFO: Starting changelog generation for elvt-paginator

INFO: Found 16 total commits from GitHub API

DEBUG: Evaluating commit: "feat: Adjust Paginator Design..."

INCLUDE: "feat: Adjust Paginator Design..." (Short component name)
  → Commit: 16fd609
  → Reason: Short component name
  → Pattern: /\bpaginator\b/i

DEBUG: Evaluating commit: "feat: Support Form Reset and Basic Validation (Required)..."

UNCERTAIN: "feat: Support Form Reset and Basic Validation (Required)..." (No clear component relevance)
  → Commit: 44dc64e
  → Reason: No matching patterns

DEBUG: Evaluating commit: "refactor: Rename ComponentSize to Size ..."

UNCERTAIN: "refactor: Rename ComponentSize to Size ..." (No clear component relevance)
  → Commit: ab26ae6
  → Reason: No matching patterns

DEBUG: Evaluating commit: "feat: Add Autoloader..."

UNCERTAIN: "feat: Add Autoloader..." (No clear component relevance)
  → Commit: 8d557b0
  → Reason: No matching patterns

DEBUG: Evaluating commit: "refactor: Change the "arrowParens" in Prettier to "always" (#138)..."

UNCERTAIN: "refactor: Change the "arrowParens" in Prettier to "always" (#138)..." (No clear component relevance)
  → Commit: 0921993
  → Reason: No matching patterns

DEBUG: Evaluating commit: "feat(build): Update to Storybook 9..."

UNCERTAIN: "feat(build): Update to Storybook 9..." (No clear component relevance)
  → Commit: c983425
  → Reason: No matching patterns

DEBUG: Evaluating commit: "fix: Make All Attribute Names "kebab-case"..."

UNCERTAIN: "fix: Make All Attribute Names "kebab-case"..." (No clear component relevance)
  → Commit: 4d0bee0
  → Reason: No matching patterns

DEBUG: Evaluating commit: "feat: Improve Icon Component, Add Selected, Add Shape, Fix Size..."

UNCERTAIN: "feat: Improve Icon Component, Add Selected, Add Shape, Fix Size..." (No clear component relevance)
  → Commit: 58898ac
  → Reason: No matching patterns

DEBUG: Evaluating commit: "refactor: Use Web Component Decorator from CDK..."

INCLUDE: "refactor: Use Web Component Decorator from CDK..." (Component framework change)
  → Commit: 0b7f502
  → Reason: Component framework change
  → Pattern: /web\s+component\s+decorator|component\s+base|lit\s+element.*change/i

DEBUG: Evaluating commit: "feat: Use Component/Application Tokens for Default Background/Text..."

UNCERTAIN: "feat: Use Component/Application Tokens for Default Background/Text..." (No clear component relevance)
  → Commit: 1a09e08
  → Reason: No matching patterns

DEBUG: Evaluating commit: "feat: Add Select Component, Refactor Field Label and Help Text..."

UNCERTAIN: "feat: Add Select Component, Refactor Field Label and Help Text..." (No clear component relevance)
  → Commit: dfd142b
  → Reason: No matching patterns

DEBUG: Evaluating commit: "docs: Fix Documentation Errors from Component Structure Changes (#113)..."

UNCERTAIN: "docs: Fix Documentation Errors from Component Structure Changes (#113)..." (No clear component relevance)
  → Commit: ae9938b
  → Reason: No matching patterns

DEBUG: Evaluating commit: "docs: Add Components Status Page..."

UNCERTAIN: "docs: Add Components Status Page..." (No clear component relevance)
  → Commit: daf000f
  → Reason: No matching patterns

DEBUG: Evaluating commit: "feat: Integrate Design Tokens Package (#69)..."

UNCERTAIN: "feat: Integrate Design Tokens Package (#69)..." (No clear component relevance)
  → Commit: b4cfb8c
  → Reason: No matching patterns

DEBUG: Evaluating commit: "build: Add Tests for Package Build..."

UNCERTAIN: "build: Add Tests for Package Build..." (No clear component relevance)
  → Commit: 715eee4
  → Reason: No matching patterns

DEBUG: Evaluating commit: "Add Paginator Component (#53)..."

INCLUDE: "Add Paginator Component (#53)..." (Short component name)
  → Commit: f2bed93
  → Reason: Short component name
  → Pattern: /\bpaginator\b/i

INFO: Filtered from 16 to 3 relevant commits
