# Changelog Generation Log for elvt-dropdown
# Generated: 2025-08-16T20:50:55.373Z
# GitHub API: https://api.github.com/repos/inform-elevate/elevate-core-ui

## Summary
Total log entries: 31
Included commits: 11
Excluded commits: 0
Uncertain commits: 3

## Detailed Log

INFO: Starting changelog generation for elvt-dropdown

INFO: Found 14 total commits from GitHub API

DEBUG: Evaluating commit: "feat: Implement DropDown Component..."

INCLUDE: "feat: Implement DropDown Component..." (Short component name)
  → Commit: a4e1f06
  → Reason: Short component name
  → Pattern: /\bdropdown\b/i

DEBUG: Evaluating commit: "feat: Add Autoloader..."

INCLUDE: "feat: Add Autoloader..." (New features)
  → Commit: 8d557b0
  → Reason: New features
  → Pattern: /^feat|^feature|add\s+|new\s+|implement|introduc/

DEBUG: Evaluating commit: "refactor: Change the "arrowParens" in Prettier to "always" (#138)..."

UNCERTAIN: "refactor: Change the "arrowParens" in Prettier to "always" (#138)..." (No clear component relevance)
  → Commit: 0921993
  → Reason: No matching patterns

DEBUG: Evaluating commit: "feat(build): Update to Storybook 9..."

INCLUDE: "feat(build): Update to Storybook 9..." (New features)
  → Commit: c983425
  → Reason: New features
  → Pattern: /^feat|^feature|add\s+|new\s+|implement|introduc/

DEBUG: Evaluating commit: "fix: Make All Attribute Names "kebab-case"..."

INCLUDE: "fix: Make All Attribute Names "kebab-case"..." (Bug fixes)
  → Commit: 4d0bee0
  → Reason: Bug fixes
  → Pattern: /^fix|^bug|resolve|correct|patch/

DEBUG: Evaluating commit: "refactor: Use Web Component Decorator from CDK..."

INCLUDE: "refactor: Use Web Component Decorator from CDK..." (Component-related)
  → Commit: 0b7f502
  → Reason: Component-related
  → Pattern: /component|web.component|custom.element/

DEBUG: Evaluating commit: "refactor: Flatten Components File Structure..."

INCLUDE: "refactor: Flatten Components File Structure..." (Component-related)
  → Commit: 36e7dd6
  → Reason: Component-related
  → Pattern: /component|web.component|custom.element/

DEBUG: Evaluating commit: "refactor: Move Menu/Dropdown Components Into a Subdirectory..."

INCLUDE: "refactor: Move Menu/Dropdown Components Into a Subdirectory..." (Short component name)
  → Commit: e74ccc4
  → Reason: Short component name
  → Pattern: /\bdropdown\b/i

DEBUG: Evaluating commit: "feat: Add Icon Button Component..."

INCLUDE: "feat: Add Icon Button Component..." (New features)
  → Commit: 9603e54
  → Reason: New features
  → Pattern: /^feat|^feature|add\s+|new\s+|implement|introduc/

DEBUG: Evaluating commit: "build: Separate CLI Tools and Storybook Addons into own Repositories/Packages..."

UNCERTAIN: "build: Separate CLI Tools and Storybook Addons into own Repositories/Packages..." (No clear component relevance)
  → Commit: d95c89b
  → Reason: No matching patterns

DEBUG: Evaluating commit: "docs: Resize Menu / DropDown Stories..."

INCLUDE: "docs: Resize Menu / DropDown Stories..." (Short component name)
  → Commit: a9369e7
  → Reason: Short component name
  → Pattern: /\bdropdown\b/i

DEBUG: Evaluating commit: "build: Add Visual Regression Tests..."

INCLUDE: "build: Add Visual Regression Tests..." (Design/Visual changes)
  → Commit: 44f7f10
  → Reason: Design/Visual changes
  → Pattern: /design|visual|style|theme|color|layout|spacing|border|shadow/

DEBUG: Evaluating commit: "refactor: Replace "any" and Fix Calls..."

UNCERTAIN: "refactor: Replace "any" and Fix Calls..." (No clear component relevance)
  → Commit: 53d7f51
  → Reason: No matching patterns

DEBUG: Evaluating commit: "feat: Add Menu and Dropdown Components..."

INCLUDE: "feat: Add Menu and Dropdown Components..." (Short component name)
  → Commit: c1d9346
  → Reason: Short component name
  → Pattern: /\bdropdown\b/i

INFO: Filtered from 14 to 11 relevant commits
